05-05 20:35:40.885 D/AudioUsbALSA(  301): closeDevice handle 0x0
05-05 20:35:40.885 D/ALSADevice(  301): standby: handle 0x44b2b6a0 h 0x0
05-05 20:35:40.885 D/AudioStreamInALSA(  301): close
05-05 20:35:40.885 D/AudioStreamInALSA(  301): Deregistering REC bit, musbRecordingState:0
05-05 20:35:40.885 D/AudioStreamInALSA(  301): close
05-05 20:35:40.885 D/AudioHardwareALSA(  301): closeUsbRecordingIfNothingActive, musbRecordingState: 0
05-05 20:35:40.885 D/AudioHardwareALSA(  301): Closing USB Recording Session as no stream is active
05-05 20:35:40.885 D/AudioUsbALSA(  301): exitRecordingThread
05-05 20:35:40.885 D/AudioUsbALSA(  301): write to fd
05-05 20:35:40.885 D/AudioUsbALSA(  301): closeDevice handle 0x0
05-05 20:35:40.885 D/AudioUsbALSA(  301): closeDevice handle 0x0
05-05 20:35:40.885 D/ALSAStreamOps(  301): close
05-05 20:35:40.885 D/ALSAStreamOps(  301): close() : Found mHandle 0x44b2b6a0, proceeding to close
05-05 20:35:40.885 D/ALSADevice(  301): close: handle 0x44b2b6a0 h 0x0
05-05 20:35:40.885 D/ALSAStreamOps(  301): close
05-05 20:35:40.885 D/ALSAStreamOps(  301): close() : Found mHandle 0x44b2b6a0, proceeding to close
05-05 20:35:40.885 D/ALSADevice(  301): close: handle 0x44b2b6a0 h 0x0
05-05 20:35:40.895 E/Android Audio Device java( 9889): StopPlayback
05-05 20:35:40.895 I/libcamera(  301): HAL_getCameraInfo: E cameraId=0
05-05 20:35:40.895 I/libcamera(  301): HAL_getCameraInfo: X
05-05 20:35:40.895 D/VideoCaptureDevInfo( 9889): Camera 0, Facing back, Orientation 90
05-05 20:35:40.895 I/libcamera(  301): HAL_getCameraInfo: E cameraId=0
05-05 20:35:40.895 I/libcamera(  301): HAL_getCameraInfo: X
05-05 20:35:40.895 I/AwesomePlayer(  301): setDataSource_l(URL suppressed)
05-05 20:35:40.895 I/OdekakeDcfFile(  312): Invalid content
05-05 20:35:40.905 I/OdekakeDcfFile(  312): Invalid content
05-05 20:35:40.905 D/QCUtilClass(  301): extended extractor not needed, return default
05-05 20:35:40.905 D/AwesomePlayer(  301): Tunnel Mime Type: audio/vorbis, object alive = 0, mTunnelAliveAP = 0
05-05 20:35:40.905 D/AwesomePlayer(  301): maxPossible tunnels = 4
05-05 20:35:40.905 D/AwesomePlayer(  301): Normal Audio Playback
05-05 20:35:40.905 E/AwesomePlayer(  301): LPAPlayer::Clip duration setting of less than 30sec not supported, defaulting to 60sec
05-05 20:35:40.905 I/AwesomePlayer(  301): setDataSource_l(URL suppressed)
05-05 20:35:40.915 I/OdekakeDcfFile(  312): Invalid content
05-05 20:35:40.915 I/OdekakeDcfFile(  312): Invalid content
05-05 20:35:40.925 D/QCUtilClass(  301): extended extractor not needed, return default
05-05 20:35:40.925 D/AwesomePlayer(  301): Tunnel Mime Type: audio/vorbis, object alive = 0, mTunnelAliveAP = 0
05-05 20:35:40.925 D/AwesomePlayer(  301): maxPossible tunnels = 4
05-05 20:35:40.925 D/AwesomePlayer(  301): Normal Audio Playback
05-05 20:35:40.925 E/AwesomePlayer(  301): LPAPlayer::Clip duration setting of less than 30sec not supported, defaulting to 60sec
05-05 20:35:40.935 I/CameraClient(  301): Opening camera 0
05-05 20:35:40.935 I/libcamera(  301): HAL_openCameraHardware: E cameraId=0
05-05 20:35:40.935 W/ServiceManager(  301): Permission failure: com.sonyericsson.permission.CAMERA_EXTENDED from uid=10058 pid=9889
05-05 20:35:40.935 I/libcamera(  301): HAL_getNumberOfCameras: E
05-05 20:35:40.935 I/libcamera(  301): HAL_Camera_GetNumberOfCameras: HAL_gCameraNum=2
05-05 20:35:40.935 I/libcamera(  301): HAL_getNumberOfCameras: X
05-05 20:35:40.935 I/caladbolg(  301):  796549715 pal.cpp                           (3188)   784 I [INF] PAL_TinyCreate
05-05 20:35:40.935 I/caladbolg(  301):  796550440 cald_pal.c                        (2119)   784 I [INF] PAL_Create
05-05 20:35:40.945 I/caladbolg(  301):  796563255 cald_camctrl.c                   (20443)   784 I [INF] + Cald_CamCtrl_Create
05-05 20:35:40.945 I/caladbolg(  301):  796563305 cald_hal.c                        (6482)   784 I [INF] + Cald_Hal_Create
05-05 20:35:40.945 I/caladbolg(  301):  796563702 cald_hal.c                        (6510)   784 I [INF] - Cald_Hal_Create
05-05 20:35:40.945 I/caladbolg(  301):  796563718 cald_camctrl.c                    (9762)   784 I [INF] Module name SOI20BS0
05-05 20:35:40.945 I/caladbolg(  301):  796564831 cald_camctrl.c                    (6940)   784 I [INF] CameraIndex :    [0x1]
05-05 20:35:40.945 I/caladbolg(  301):  796564844 cald_camctrl.c                    (6941)   784 I [INF] numOfCameras:    [0x2]
05-05 20:35:40.945 I/caladbolg(  301):  796564856 cald_camctrl.c                    (6942)   784 I [INF] majorVersion:    [0x4]
05-05 20:35:40.945 I/caladbolg(  301):  796564867 cald_camctrl.c                    (6943)   784 I [INF] minorVersion:    [0x0]
05-05 20:35:40.945 I/caladbolg(  301):  796565145 cald_camctrl.c                   (20468)   784 I [INF] - Cald_CamCtrl_Create
05-05 20:35:40.945 I/caladbolg(  301):  796565160 cald_camctrl.c                   (20443)   784 I [INF] + Cald_CamCtrl_Create
05-05 20:35:40.945 I/caladbolg(  301):  796565210 cald_hal.c                        (6482)   784 I [INF] + Cald_Hal_Create
05-05 20:35:40.945 I/caladbolg(  301):  796565492 cald_hal.c                        (6510)   784 I [INF] - Cald_Hal_Create
05-05 20:35:40.945 I/caladbolg(  301):  796565510 cald_camctrl.c                    (9762)   784 I [INF] Module name LGI02BN1
05-05 20:35:40.945 I/caladbolg(  301):  796566511 cald_camctrl.c                    (6940)   784 I [INF] CameraIndex :    [0x2]
05-05 20:35:40.945 I/caladbolg(  301):  796566526 cald_camctrl.c                    (6941)   784 I [INF] numOfCameras:    [0x2]
05-05 20:35:40.945 I/caladbolg(  301):  796566537 cald_camctrl.c                    (6942)   784 I [INF] majorVersion:    [0x4]
05-05 20:35:40.945 I/caladbolg(  301):  796566548 cald_camctrl.c                    (6943)   784 I [INF] minorVersion:    [0x0]
05-05 20:35:40.945 I/caladbolg(  301):  796566833 cald_camctrl.c                   (20468)   784 I [INF] - Cald_CamCtrl_Create
05-05 20:35:40.945 I/libals-sysals(  301): try_device: device '/dev/input/event6' ok
05-05 20:35:40.945 I/illumination-service(  323): Client disconnected
05-05 20:35:40.945 I/illumination-service(  323): Client disconnected
05-05 20:35:40.945 D/lights-sniffer(  331): thread: Got a command
05-05 20:35:40.945 W/lights-sniffer(  331): 'system_als': Color 00000001, BrMode 1092452384, OnMS 0, OffMS 0, Mode 0
05-05 20:35:40.945 E/QCOM PowerHAL(  301): Invalid hint ID.
05-05 20:35:40.945 E/QCOM PowerHAL(  301): Invalid hint ID.
05-05 20:35:40.945 I/caladbolg(  301):  796568320 cald_server.c                      (942)   784 I [INF] Server is created. (0)
05-05 20:35:40.945 I/caladbolg(  301):  796568336 cald_server.c                      (947)   784 I [INF] Server ref counter = 1
05-05 20:35:40.945 I/caladbolg(  301):  796568496 cald_client.c                     (2011)   784 I [INF] Cald_Client_Create
05-05 20:35:40.945 I/caladbolg(  301):  796568510 cald_client.c                      (336)   784 I [INF] + Cald_Client_ICamera_ReserveCamera index[0x1] priority[0] pICBCamera[0x40e3b560] userData[0x4ccb0618]
05-05 20:35:40.945 I/caladbolg(  301):  796568552 cald_camctrl.c                    (9971)  9938 P [PFM]  796568548 + Cald_CamCtrl_PowerUp
05-05 20:35:40.945 I/caladbolg(  301):  796568601 cald_capctrl.c                   (11966)  9938 I [INF] + Cald_CapCtrl_Create
05-05 20:35:40.955 I/caladbolg(  301):  796577995 cald_capctrl.c                   (11994)  9938 I [INF] - Cald_CapCtrl_Create
05-05 20:35:40.955 I/caladbolg(  301):  796578056 cald_iqctrl.c                    (21750)  9938 I [INF] + Cald_IqCtrl_Create
05-05 20:35:40.965 I/caladbolg(  301):  796580759 cald_iqctrl.c                    (21797)  9938 I [INF] - Cald_IqCtrl_Create
05-05 20:35:40.965 I/caladbolg(  301):  796581955 cald_hal_qct_camera.c             (3154)  9938 P [HAL]  796581952 + Cald_Hal_Qct_If_PowerUp 
05-05 20:35:40.965 I/cammw   (  301): I: cammw_camera_open: cammw_camera_open open_dev_id = 0
05-05 20:35:40.965 D/mm-camera-intf(  301): mm_camera_open: dev name = /dev/video1, cam_idx = 1
05-05 20:35:40.965 I/mm-camera-sensor(  419): module_sensor_start_session:431 session 1
05-05 20:35:41.015 W/QCNEJ   (  946): |CORE| mDefaultApnLinkProp is null
05-05 20:35:41.015 E/Parcel  (  414): Reading a NULL string not supported here.
05-05 20:35:41.015 E/Parcel  (  414): Reading a NULL string not supported here.
05-05 20:35:41.015 D/StatusBar.NetworkController( 1136): refreshViews: Data not connected!! If data is not in service, set no data type icon
05-05 20:35:41.015 D/StatusBar.NetworkController( 1136): refreshViews: Data not connected!! If data is not in service, set no data type icon
05-05 20:35:41.035 E/mm-camera-img(  419): module_imglib_create_msg_thread:202] E
05-05 20:35:41.035 E/mm-camera-img(  419): module_imglib_create_msg_thread:224] X
05-05 20:35:41.035 E/mm-camera-img(  419): module_imglib_create_msg_thread:202] E
05-05 20:35:41.035 E/mm-camera-img(  419): module_imglib_create_msg_thread:224] X
05-05 20:35:41.035 E/hdr     (  419): Session id 0x1 started
05-05 20:35:41.035 E/mm-camera(  419): module_cac_query_mod:80: E
05-05 20:35:41.035 E/mm-camera(  419): module_faceproc_query_mod:1338 Max Face ROI 2
05-05 20:35:41.035 D/mm-camera-intf(  301): mm_camera_open:  opened, break out while loop
05-05 20:35:41.035 E/mm-camera(  419): module_cac_query_mod:80: E
05-05 20:35:41.035 E/mm-camera(  419): module_faceproc_query_mod:1338 Max Face ROI 2
05-05 20:35:41.035 E/mm-camera-img(  419): module_imglib_msg_thread:61] abort 0
05-05 20:35:41.035 E/mm-camera-img(  419): img_q_wait: before wait
05-05 20:35:41.035 E/mm-camera-img(  419): module_imglib_msg_thread:61] abort 0
05-05 20:35:41.035 E/mm-camera-img(  419): img_q_wait: before wait
05-05 20:35:41.035 I/caladbolg(  301):  796656459 cald_hal_qct_camera.c             (3242)  9938 P [HAL]  796656453 - Cald_Hal_Qct_If_PowerUp
05-05 20:35:41.045 I/caladbolg(  301):  796658991 cald_camctrl.c                    (9986)  9938 P [PFM]  796658985 - Cald_CamCtrl_PowerUp
05-05 20:35:41.045 I/caladbolg(  301):  796659043 cald_client.c                      (361)   784 I [INF] - Cald_Client_ICamera_ReserveCamera (0)
05-05 20:35:41.045 I/caladbolg(  301):  796659393 cald_client.c                      (142)   784 I [INF] + Cald_Client_ICamera_GetCameraCaps 
05-05 20:35:41.045 I/caladbolg(  301):  796659449 cald_client.c                      (166)   784 I [INF] - Cald_Client_ICamera_GetCameraCaps (0)
05-05 20:35:41.045 I/caladbolg(  301):  796659463 cald_client.c                      (180)   784 I [INF] + Cald_Client_ICamera_GetPreviewCaps 
05-05 20:35:41.045 I/caladbolg(  301):  796659513 cald_client.c                      (206)   784 I [INF] - Cald_Client_ICamera_GetPreviewCaps (0)
05-05 20:35:41.045 I/caladbolg(  301):  796659526 cald_client.c                      (297)   784 I [INF] + Cald_Client_ICamera_GetSnapshotCaps 
05-05 20:35:41.045 I/caladbolg(  301):  796659577 cald_client.c                      (322)   784 I [INF] - Cald_Client_ICamera_GetSnapshotCaps (0)
05-05 20:35:41.045 I/caladbolg(  301):  796659590 cald_client.c                      (220)   784 I [INF] + Cald_Client_ICamera_GetVideoCaps 
05-05 20:35:41.045 I/caladbolg(  301):  796659640 cald_client.c                      (246)   784 I [INF] - Cald_Client_ICamera_GetVideoCaps (0)
05-05 20:35:41.045 I/caladbolg(  301):  796660149 cald_camctrl.c                   (13222)  9938 I [INF] Thumbnail size [640 x 480]
05-05 20:35:41.045 I/caladbolg(  301):  796660898 cald_client.c                      (142)   784 I [INF] + Cald_Client_ICamera_GetCameraCaps 
05-05 20:35:41.045 I/caladbolg(  301):  796660950 cald_client.c                      (166)   784 I [INF] - Cald_Client_ICamera_GetCameraCaps (0)
05-05 20:35:41.045 I/caladbolg(  301):  796660963 cald_client.c                      (180)   784 I [INF] + Cald_Client_ICamera_GetPreviewCaps 
05-05 20:35:41.045 I/caladbolg(  301):  796661011 cald_client.c                      (206)   784 I [INF] - Cald_Client_ICamera_GetPreviewCaps (0)
05-05 20:35:41.045 I/caladbolg(  301):  796661024 cald_client.c                      (297)   784 I [INF] + Cald_Client_ICamera_GetSnapshotCaps 
05-05 20:35:41.045 I/caladbolg(  301):  796661072 cald_client.c                      (322)   784 I [INF] - Cald_Client_ICamera_GetSnapshotCaps (0)
05-05 20:35:41.045 I/libcamera(  301): HAL_openCameraHardware: X created hardware=0x4ccb0618
05-05 20:35:41.045 I/caladbolg(  301):  796663202 cald_client.c                      (962)  3911 I [INF] + Cald_Client_ICamera_CancelAutoLock 
05-05 20:35:41.045 I/caladbolg(  301):  796663316 cald_client.c                      (980)  3911 I [INF] - Cald_Client_ICamera_CancelAutoLock (0)
05-05 20:35:41.045 I/caladbolg(  301):  796663331 cald_client.c                      (900)  3911 I [INF] + Cald_Client_ICamera_CancelSnapshot 
05-05 20:35:41.045 I/caladbolg(  301):  796663439 cald_hal_qct_camera.c             (3519)  9941 P [HAL]  796663435 + Cald_Hal_Qct_If_StopYuvSnapshot 
05-05 20:35:41.045 I/caladbolg(  301):  796663465 cald_hal_qct_camera.c             (3561)  9941 P [HAL]  796663462 - Cald_Hal_Qct_If_StopYuvSnapshot
05-05 20:35:41.045 I/caladbolg(  301):  796663639 cald_client.c                      (918)  3911 I [INF] - Cald_Client_ICamera_CancelSnapshot (0)
05-05 20:35:41.045 I/libcamera(  301): release: E
05-05 20:35:41.045 I/caladbolg(  301):  796663657 cald_client.c                      (900)  3911 I [INF] + Cald_Client_ICamera_CancelSnapshot 
05-05 20:35:41.045 I/caladbolg(  301):  796663760 cald_hal_qct_camera.c             (3519)  9941 P [HAL]  796663757 + Cald_Hal_Qct_If_StopYuvSnapshot 
05-05 20:35:41.045 I/caladbolg(  301):  796663777 cald_hal_qct_camera.c             (3561)  9941 P [HAL]  796663774 - Cald_Hal_Qct_If_StopYuvSnapshot
05-05 20:35:41.045 I/caladbolg(  301):  796663920 cald_client.c                      (918)  3911 I [INF] - Cald_Client_ICamera_CancelSnapshot (0)
05-05 20:35:41.045 I/libcamera(  301): stopCamera: E
05-05 20:35:41.045 I/caladbolg(  301):  796663938 cald_client.c                      (401)  3911 I [INF] + Cald_Client_ICamera_ReleaseCamera 
05-05 20:35:41.045 I/caladbolg(  301):  796663972 cald_camctrl.c                   (10074)  9938 I [INF] + Cald_CamCtrl_Func_PowerDown
05-05 20:35:41.045 I/caladbolg(  301):  796664015 cald_capctrl.c                    (7034)  9941 I [INF] + Cald_CapCtrl_FSM_Func_StopCaptureCtrl
05-05 20:35:41.045 I/caladbolg(  301):  796664027 cald_capctrl.c                    (7036)  9941 I [INF] - Cald_CapCtrl_FSM_Func_StopCaptureCtrl
05-05 20:35:41.045 I/caladbolg(  301):  796664082 cald_iqctrl.c                    (15719)  9966 I [INF] + Cald_IqCtrl_FSM_Func_StopIqCtrl
05-05 20:35:41.045 I/caladbolg(  301):  796664497 cald_iqctrl.c                     (9021)  9966 I [INF] + Cald_IqCtrl_FSM_Func_AE_StopAe
05-05 20:35:41.045 I/caladbolg(  301):  796664674 cald_iqctrl.c                     (9053)  9966 I [INF] - Cald_IqCtrl_FSM_Func_AE_StopAe
05-05 20:35:41.045 I/caladbolg(  301):  796664691 cald_iqctrl.c                    (12097)  9966 I [INF] + Cald_IqCtrl_FSM_Func_AF_StopAf
05-05 20:35:41.045 I/caladbolg(  301):  796664771 cald_iqctrl.c                    (12127)  9966 I [INF] - Cald_IqCtrl_FSM_Func_AF_StopAf
05-05 20:35:41.045 I/caladbolg(  301):  796665048 cald_iqctrl.c                    (15853)  9966 I [INF] - Cald_IqCtrl_FSM_Func_StopIqCtrl
05-05 20:35:41.045 I/caladbolg(  301):  796665078 cald_hal_qct_camera.c             (3252)  9938 P [HAL]  796665075 + Cald_Hal_Qct_If_PowerDown 
05-05 20:35:41.045 I/mm-camera(  419): mct_pipeline_process_set:command=800000b
05-05 20:35:41.045 I/mm-camera(  419): mct_pipeline_process_set: Couldn't find stream
05-05 20:35:41.045 I/mm-camera-sensor(  419): module_sensor_stop_session:484 session 1
05-05 20:35:41.065 E/qcom_sensors_hal(  946): hal_process_report_ind: Bad item quality: 11 
05-05 20:35:41.115 I/caladbolg(  301):  796728840 cald_hal_qct_camera.c             (3268)  9938 P [HAL]  796728834 - Cald_Hal_Qct_If_PowerDown
05-05 20:35:41.115 I/caladbolg(  301):  796730993 cald_iqctrl.c                    (21805)  9938 I [INF] + Cald_IqCtrl_Delete
05-05 20:35:41.115 I/caladbolg(  301):  796732141 cald_iqctrl.c                    (21814)  9938 I [INF] - Cald_IqCtrl_Delete
05-05 20:35:41.115 I/caladbolg(  301):  796732158 cald_capctrl.c                   (12002)  9938 I [INF] + Cald_CapCtrl_Delete
05-05 20:35:41.115 I/caladbolg(  301):  796737370 cald_capctrl.c                   (12010)  9938 I [INF] - Cald_CapCtrl_Delete
05-05 20:35:41.115 I/caladbolg(  301):  796737388 cald_camctrl.c                   (10119)  9938 I [INF] - Cald_CamCtrl_Func_PowerDown
05-05 20:35:41.115 I/caladbolg(  301):  796737620 cald_client.c                      (425)  3911 I [INF] - Cald_Client_ICamera_ReleaseCamera (0)
05-05 20:35:41.115 I/caladbolg(  301):  796737637 cald_client.c                     (2020)  3911 I [INF] Cald_Client_Delete
05-05 20:35:41.115 I/caladbolg(  301):  796737784 cald_server.c                      (957)  3911 I [INF] Cald_Server_ICameraServer_Stop
05-05 20:35:41.115 I/caladbolg(  301):  796737798 cald_server.c                      (965)  3911 I [INF] Server ref counter = 0
05-05 20:35:41.115 I/caladbolg(  301):  796737811 cald_server.c                      (969)  3911 I [INF] Server is deleted.
05-05 20:35:41.115 I/caladbolg(  301):  796737823 cald_camctrl.c                   (20477)  3911 I [INF] + Cald_CamCtrl_Delete
05-05 20:35:41.115 I/caladbolg(  301):  796737855 cald_hal.c                        (6526)  3911 I [INF] + Cald_Hal_Delete
05-05 20:35:41.125 I/illumination-service(  323): Client disconnected
05-05 20:35:41.125 I/illumination-service(  323): Client disconnected
05-05 20:35:41.125 D/lights-sniffer(  331): thread: Got a command
05-05 20:35:41.125 W/lights-sniffer(  331): 'system_als': Color 00000000, BrMode 1092452384, OnMS 0, OffMS 0, Mode 0
05-05 20:35:41.155 E/qcom_sensors_hal(  946): hal_process_report_ind: Bad item quality: 11 
05-05 20:35:41.175 E/mm-camera-img(  419): module_imglib_destroy_msg_thread:128] threadid 1079583288
05-05 20:35:41.175 E/mm-camera-img(  419): img_q_wait:225] after wait count 0
05-05 20:35:41.175 E/mm-camera-img(  419): img_q_wait:229] data 0x0
05-05 20:35:41.175 E/mm-camera-img(  419): module_imglib_msg_thread:99] X
05-05 20:35:41.175 E/mm-camera-img(  419): module_imglib_destroy_msg_thread:132] after msg thread exit
05-05 20:35:41.175 E/mm-camera-img(  419): module_imglib_destroy_msg_thread:128] threadid 1079583400
05-05 20:35:41.175 E/mm-camera-img(  419): img_q_wait:225] after wait count 0
05-05 20:35:41.175 E/mm-camera-img(  419): img_q_wait:229] data 0x0
05-05 20:35:41.175 E/mm-camera-img(  419): module_imglib_msg_thread:99] X
05-05 20:35:41.175 E/mm-camera-img(  419): module_imglib_destroy_msg_thread:132] after msg thread exit
05-05 20:35:41.175 E/hdr     (  419): Session id 0x1 stopped
05-05 20:35:41.195 I/caladbolg(  301):  796808826 cald_hal.c                        (6539)  3911 I [INF] - Cald_Hal_Delete
05-05 20:35:41.195 I/caladbolg(  301):  796808868 cald_camctrl.c                   (20484)  3911 I [INF] - Cald_CamCtrl_Delete
05-05 20:35:41.195 I/caladbolg(  301):  796808882 cald_camctrl.c                   (20477)  3911 I [INF] + Cald_CamCtrl_Delete
05-05 20:35:41.195 I/caladbolg(  301):  796808915 cald_hal.c                        (6526)  3911 I [INF] + Cald_Hal_Delete
05-05 20:35:41.195 I/caladbolg(  301):  796809457 cald_hal.c                        (6539)  3911 I [INF] - Cald_Hal_Delete
05-05 20:35:41.195 I/caladbolg(  301):  796809492 cald_camctrl.c                   (20484)  3911 I [INF] - Cald_CamCtrl_Delete
05-05 20:35:41.195 I/caladbolg(  301):  796814455 cald_pal.c                        (2142)  3911 I [INF] PAL_Delete
05-05 20:35:41.195 I/caladbolg(  301):  796814617 pal.cpp                           (3219)  3911 I [INF] PAL_TinyDelete
05-05 20:35:41.195 I/libcamera(  301): stopCamera: X
05-05 20:35:41.195 I/libcamera(  301): release: X
05-05 20:35:41.195 I/CameraClient(  301): Destroying camera 0
05-05 20:35:41.195 I/libcamera(  301): HAL_getCameraInfo: E cameraId=1
05-05 20:35:41.195 I/libcamera(  301): HAL_getCameraInfo: X
05-05 20:35:41.195 D/VideoCaptureDevInfo( 9889): Camera 1, Facing front, Orientation 270
05-05 20:35:41.195 W/AudioFlinger(  301): session id 74 not found for pid 301
05-05 20:35:41.195 I/libcamera(  301): HAL_getCameraInfo: E cameraId=1
05-05 20:35:41.195 I/libcamera(  301): HAL_getCameraInfo: X
05-05 20:35:41.195 W/AudioFlinger(  301): session id 75 not found for pid 301
05-05 20:35:41.195 I/AwesomePlayer(  301): setDataSource_l(URL suppressed)
05-05 20:35:41.205 I/OdekakeDcfFile(  312): Invalid content
05-05 20:35:41.205 I/OdekakeDcfFile(  312): Invalid content
05-05 20:35:41.215 D/QCUtilClass(  301): extended extractor not needed, return default
05-05 20:35:41.215 D/AwesomePlayer(  301): Tunnel Mime Type: audio/vorbis, object alive = 0, mTunnelAliveAP = 0
05-05 20:35:41.215 D/AwesomePlayer(  301): maxPossible tunnels = 4
05-05 20:35:41.215 D/AwesomePlayer(  301): Normal Audio Playback
05-05 20:35:41.215 E/AwesomePlayer(  301): LPAPlayer::Clip duration setting of less than 30sec not supported, defaulting to 60sec
05-05 20:35:41.225 I/AwesomePlayer(  301): setDataSource_l(URL suppressed)
05-05 20:35:41.235 I/OdekakeDcfFile(  312): Invalid content
05-05 20:35:41.235 I/OdekakeDcfFile(  312): Invalid content
05-05 20:35:41.245 D/QCUtilClass(  301): extended extractor not needed, return default
05-05 20:35:41.245 D/AwesomePlayer(  301): Tunnel Mime Type: audio/vorbis, object alive = 0, mTunnelAliveAP = 0
05-05 20:35:41.245 D/AwesomePlayer(  301): maxPossible tunnels = 4
05-05 20:35:41.245 D/AwesomePlayer(  301): Normal Audio Playback
05-05 20:35:41.245 E/AwesomePlayer(  301): LPAPlayer::Clip duration setting of less than 30sec not supported, defaulting to 60sec
05-05 20:35:41.245 I/CameraClient(  301): Opening camera 1
05-05 20:35:41.245 I/libcamera(  301): HAL_openCameraHardware: E cameraId=1
05-05 20:35:41.245 W/ServiceManager(  301): Permission failure: com.sonyericsson.permission.CAMERA_EXTENDED from uid=10058 pid=9889
05-05 20:35:41.245 I/libcamera(  301): HAL_getNumberOfCameras: E
05-05 20:35:41.245 I/libcamera(  301): HAL_Camera_GetNumberOfCameras: HAL_gCameraNum=2
05-05 20:35:41.245 I/libcamera(  301): HAL_getNumberOfCameras: X
05-05 20:35:41.245 I/caladbolg(  301):  796866225 pal.cpp                           (3188)   785 I [INF] PAL_TinyCreate
05-05 20:35:41.245 I/caladbolg(  301):  796866958 cald_pal.c                        (2119)   785 I [INF] PAL_Create
05-05 20:35:41.255 I/caladbolg(  301):  796876624 cald_camctrl.c                   (20443)   785 I [INF] + Cald_CamCtrl_Create
05-05 20:35:41.255 I/caladbolg(  301):  796876669 cald_hal.c                        (6482)   785 I [INF] + Cald_Hal_Create
05-05 20:35:41.255 I/caladbolg(  301):  796877019 cald_hal.c                        (6510)   785 I [INF] - Cald_Hal_Create
05-05 20:35:41.255 I/caladbolg(  301):  796877036 cald_camctrl.c                    (9762)   785 I [INF] Module name SOI20BS0
05-05 20:35:41.255 I/caladbolg(  301):  796878083 cald_camctrl.c                    (6940)   785 I [INF] CameraIndex :    [0x1]
05-05 20:35:41.255 I/caladbolg(  301):  796878097 cald_camctrl.c                    (6941)   785 I [INF] numOfCameras:    [0x2]
05-05 20:35:41.255 I/caladbolg(  301):  796878108 cald_camctrl.c                    (6942)   785 I [INF] majorVersion:    [0x4]
05-05 20:35:41.255 I/caladbolg(  301):  796878119 cald_camctrl.c                    (6943)   785 I [INF] minorVersion:    [0x0]
05-05 20:35:41.255 I/caladbolg(  301):  796878404 cald_camctrl.c                   (20468)   785 I [INF] - Cald_CamCtrl_Create
05-05 20:35:41.255 I/caladbolg(  301):  796878419 cald_camctrl.c                   (20443)   785 I [INF] + Cald_CamCtrl_Create
05-05 20:35:41.255 I/caladbolg(  301):  796878453 cald_hal.c                        (6482)   785 I [INF] + Cald_Hal_Create
05-05 20:35:41.265 I/caladbolg(  301):  796878880 cald_hal.c                        (6510)   785 I [INF] - Cald_Hal_Create
05-05 20:35:41.265 I/caladbolg(  301):  796878899 cald_camctrl.c                    (9762)   785 I [INF] Module name LGI02BN1
05-05 20:35:41.265 I/caladbolg(  301):  796879912 cald_camctrl.c                    (6940)   785 I [INF] CameraIndex :    [0x2]
05-05 20:35:41.265 I/caladbolg(  301):  796879926 cald_camctrl.c                    (6941)   785 I [INF] numOfCameras:    [0x2]
05-05 20:35:41.265 I/caladbolg(  301):  796879937 cald_camctrl.c                    (6942)   785 I [INF] majorVersion:    [0x4]
05-05 20:35:41.265 I/caladbolg(  301):  796879948 cald_camctrl.c                    (6943)   785 I [INF] minorVersion:    [0x0]
05-05 20:35:41.265 I/caladbolg(  301):  796880200 cald_camctrl.c                   (20468)   785 I [INF] - Cald_CamCtrl_Create
05-05 20:35:41.265 I/libals-sysals(  301): try_device: device '/dev/input/event6' ok
05-05 20:35:41.265 D/lights-sniffer(  331): thread: Got a command
05-05 20:35:41.265 W/lights-sniffer(  331): 'system_als': Color 00000001, BrMode 1092452384, OnMS 0, OffMS 0, Mode 0
05-05 20:35:41.265 I/illumination-service(  323): Client disconnected
05-05 20:35:41.265 I/illumination-service(  323): Client disconnected
05-05 20:35:41.265 E/QCOM PowerHAL(  301): Invalid hint ID.
05-05 20:35:41.265 E/QCOM PowerHAL(  301): Invalid hint ID.
05-05 20:35:41.265 I/caladbolg(  301):  796881646 cald_server.c                      (942)   785 I [INF] Server is created. (0)
05-05 20:35:41.265 I/caladbolg(  301):  796881663 cald_server.c                      (947)   785 I [INF] Server ref counter = 1
05-05 20:35:41.265 I/caladbolg(  301):  796886438 cald_client.c                     (2011)   785 I [INF] Cald_Client_Create
05-05 20:35:41.265 I/caladbolg(  301):  796886453 cald_client.c                      (336)   785 I [INF] + Cald_Client_ICamera_ReserveCamera index[0x2] priority[0] pICBCamera[0x40e3b560] userData[0x49110bf0]
05-05 20:35:41.265 I/caladbolg(  301):  796886565 cald_camctrl.c                    (9971)  9998 P [PFM]  796886560 + Cald_CamCtrl_PowerUp
05-05 20:35:41.265 I/caladbolg(  301):  796886616 cald_capctrl.c                   (11966)  9998 I [INF] + Cald_CapCtrl_Create
05-05 20:35:41.275 I/caladbolg(  301):  796893735 cald_capctrl.c                   (11994)  9998 I [INF] - Cald_CapCtrl_Create
05-05 20:35:41.275 I/caladbolg(  301):  796893797 cald_iqctrl.c                    (21750)  9998 I [INF] + Cald_IqCtrl_Create
05-05 20:35:41.275 I/caladbolg(  301):  796896475 cald_iqctrl.c                    (21797)  9998 I [INF] - Cald_IqCtrl_Create
05-05 20:35:41.275 I/caladbolg(  301):  796897503 cald_hal_qct_camera.c             (3154)  9998 P [HAL]  796897499 + Cald_Hal_Qct_If_PowerUp 
05-05 20:35:41.275 I/cammw   (  301): I: cammw_camera_open: cammw_camera_open open_dev_id = 1
05-05 20:35:41.275 D/mm-camera-intf(  301): mm_camera_open: dev name = /dev/video2, cam_idx = 2
05-05 20:35:41.275 I/mm-camera-sensor(  419): module_sensor_start_session:431 session 2
05-05 20:35:41.325 E/mm-camera-img(  419): module_imglib_create_msg_thread:202] E
05-05 20:35:41.325 E/mm-camera-img(  419): module_imglib_create_msg_thread:224] X
05-05 20:35:41.325 E/mm-camera-img(  419): module_imglib_create_msg_thread:202] E
05-05 20:35:41.325 E/mm-camera-img(  419): module_imglib_create_msg_thread:224] X
05-05 20:35:41.325 E/hdr     (  419): Session id 0x2 started
05-05 20:35:41.325 E/mm-camera(  419): module_cac_query_mod:80: E
05-05 20:35:41.325 E/mm-camera(  419): module_faceproc_query_mod:1338 Max Face ROI 2
05-05 20:35:41.325 E/mm-camera-img(  419): module_imglib_msg_thread:61] abort 0
05-05 20:35:41.325 E/mm-camera-img(  419): img_q_wait: before wait
05-05 20:35:41.325 D/mm-camera-intf(  301): mm_camera_open:  opened, break out while loop
05-05 20:35:41.325 E/mm-camera(  419): module_cac_query_mod:80: E
05-05 20:35:41.325 E/mm-camera(  419): module_faceproc_query_mod:1338 Max Face ROI 2
05-05 20:35:41.325 E/mm-camera-img(  419): module_imglib_msg_thread:61] abort 0
05-05 20:35:41.325 E/mm-camera-img(  419): img_q_wait: before wait
05-05 20:35:41.325 I/mm-camera-sensor(  419): sony_sensor_server_get_config_cb:854
05-05 20:35:41.325 I/caladbolg(  301):  796946885 cald_hal_qct_camera.c             (3242)  9998 P [HAL]  796946880 - Cald_Hal_Qct_If_PowerUp
05-05 20:35:41.335 I/caladbolg(  301):  796949195 cald_camctrl.c                    (9986)  9998 P [PFM]  796949186 - Cald_CamCtrl_PowerUp
05-05 20:35:41.335 I/caladbolg(  301):  796949253 cald_client.c                      (361)   785 I [INF] - Cald_Client_ICamera_ReserveCamera (0)
05-05 20:35:41.335 I/caladbolg(  301):  796949580 cald_client.c                      (142)   785 I [INF] + Cald_Client_ICamera_GetCameraCaps 
05-05 20:35:41.335 I/caladbolg(  301):  796949638 cald_client.c                      (166)   785 I [INF] - Cald_Client_ICamera_GetCameraCaps (0)
05-05 20:35:41.335 I/caladbolg(  301):  796949652 cald_client.c                      (180)   785 I [INF] + Cald_Client_ICamera_GetPreviewCaps 
05-05 20:35:41.335 I/caladbolg(  301):  796949701 cald_client.c                      (206)   785 I [INF] - Cald_Client_ICamera_GetPreviewCaps (0)
05-05 20:35:41.335 I/caladbolg(  301):  796949714 cald_client.c                      (297)   785 I [INF] + Cald_Client_ICamera_GetSnapshotCaps 
05-05 20:35:41.335 I/caladbolg(  301):  796949763 cald_client.c                      (322)   785 I [INF] - Cald_Client_ICamera_GetSnapshotCaps (0)
05-05 20:35:41.335 I/caladbolg(  301):  796949776 cald_client.c                      (220)   785 I [INF] + Cald_Client_ICamera_GetVideoCaps 
05-05 20:35:41.335 I/caladbolg(  301):  796949826 cald_client.c                      (246)   785 I [INF] - Cald_Client_ICamera_GetVideoCaps (0)
05-05 20:35:41.335 I/caladbolg(  301):  796950254 cald_camctrl.c                   (13222)  9998 I [INF] Thumbnail size [640 x 480]
05-05 20:35:41.335 I/caladbolg(  301):  796950738 cald_client.c                      (142)   785 I [INF] + Cald_Client_ICamera_GetCameraCaps 
05-05 20:35:41.335 I/caladbolg(  301):  796950792 cald_client.c                      (166)   785 I [INF] - Cald_Client_ICamera_GetCameraCaps (0)
05-05 20:35:41.335 I/caladbolg(  301):  796950804 cald_client.c                      (180)   785 I [INF] + Cald_Client_ICamera_GetPreviewCaps 
05-05 20:35:41.335 I/caladbolg(  301):  796950855 cald_client.c                      (206)   785 I [INF] - Cald_Client_ICamera_GetPreviewCaps (0)
05-05 20:35:41.335 I/caladbolg(  301):  796950868 cald_client.c                      (297)   785 I [INF] + Cald_Client_ICamera_GetSnapshotCaps 
05-05 20:35:41.335 I/caladbolg(  301):  796950918 cald_client.c                      (322)   785 I [INF] - Cald_Client_ICamera_GetSnapshotCaps (0)
05-05 20:35:41.335 I/libcamera(  301): HAL_openCameraHardware: X created hardware=0x49110bf0
05-05 20:35:41.335 I/caladbolg(  301):  796952549 cald_client.c                      (962)   785 I [INF] + Cald_Client_ICamera_CancelAutoLock 
05-05 20:35:41.335 I/caladbolg(  301):  796952672 cald_client.c                      (980)   785 I [INF] - Cald_Client_ICamera_CancelAutoLock (0)
05-05 20:35:41.335 I/caladbolg(  301):  796952688 cald_client.c                      (900)   785 I [INF] + Cald_Client_ICamera_CancelSnapshot 
05-05 20:35:41.335 I/caladbolg(  301):  796952788 cald_hal_qct_camera.c             (3519) 10001 P [HAL]  796952784 + Cald_Hal_Qct_If_StopYuvSnapshot 
05-05 20:35:41.335 I/caladbolg(  301):  796952814 cald_hal_qct_camera.c             (3561) 10001 P [HAL]  796952812 - Cald_Hal_Qct_If_StopYuvSnapshot
05-05 20:35:41.335 I/caladbolg(  301):  796952996 cald_client.c                      (918)   785 I [INF] - Cald_Client_ICamera_CancelSnapshot (0)
05-05 20:35:41.335 I/libcamera(  301): release: E
05-05 20:35:41.335 I/caladbolg(  301):  796953014 cald_client.c                      (900)   785 I [INF] + Cald_Client_ICamera_CancelSnapshot 
05-05 20:35:41.335 I/caladbolg(  301):  796953105 cald_hal_qct_camera.c             (3519) 10001 P [HAL]  796953102 + Cald_Hal_Qct_If_StopYuvSnapshot 
05-05 20:35:41.335 I/caladbolg(  301):  796953122 cald_hal_qct_camera.c             (3561) 10001 P [HAL]  796953120 - Cald_Hal_Qct_If_StopYuvSnapshot
05-05 20:35:41.335 I/caladbolg(  301):  796953281 cald_client.c                      (918)   785 I [INF] - Cald_Client_ICamera_CancelSnapshot (0)
05-05 20:35:41.335 I/libcamera(  301): stopCamera: E
05-05 20:35:41.335 I/caladbolg(  301):  796953300 cald_client.c                      (401)   785 I [INF] + Cald_Client_ICamera_ReleaseCamera 
05-05 20:35:41.335 I/caladbolg(  301):  796953334 cald_camctrl.c                   (10074)  9998 I [INF] + Cald_CamCtrl_Func_PowerDown
05-05 20:35:41.335 I/caladbolg(  301):  796953370 cald_capctrl.c                    (7034) 10001 I [INF] + Cald_CapCtrl_FSM_Func_StopCaptureCtrl
05-05 20:35:41.335 I/caladbolg(  301):  796953384 cald_capctrl.c                    (7036) 10001 I [INF] - Cald_CapCtrl_FSM_Func_StopCaptureCtrl
05-05 20:35:41.335 I/caladbolg(  301):  796953438 cald_iqctrl.c                    (15719) 10026 I [INF] + Cald_IqCtrl_FSM_Func_StopIqCtrl
05-05 20:35:41.335 I/caladbolg(  301):  796953817 cald_iqctrl.c                     (9021) 10026 I [INF] + Cald_IqCtrl_FSM_Func_AE_StopAe
05-05 20:35:41.335 I/caladbolg(  301):  796953991 cald_iqctrl.c                     (9053) 10026 I [INF] - Cald_IqCtrl_FSM_Func_AE_StopAe
05-05 20:35:41.335 I/caladbolg(  301):  796954264 cald_iqctrl.c                    (15853) 10026 I [INF] - Cald_IqCtrl_FSM_Func_StopIqCtrl
05-05 20:35:41.335 I/caladbolg(  301):  796954299 cald_hal_qct_camera.c             (3252)  9998 P [HAL]  796954296 + Cald_Hal_Qct_If_PowerDown 
05-05 20:35:41.335 I/mm-camera(  419): mct_pipeline_process_set:command=800000b
05-05 20:35:41.335 I/mm-camera(  419): mct_pipeline_process_set: Couldn't find stream
05-05 20:35:41.335 I/mm-camera-sensor(  419): module_sensor_stop_session:484 session 2
05-05 20:35:41.375 E/qcom_sensors_hal(  946): hal_process_report_ind: Bad item quality: 11 
05-05 20:35:41.395 I/caladbolg(  301):  797009650 cald_hal_qct_camera.c             (3268)  9998 P [HAL]  797009645 - Cald_Hal_Qct_If_PowerDown
05-05 20:35:41.395 I/caladbolg(  301):  797011437 cald_iqctrl.c                    (21805)  9998 I [INF] + Cald_IqCtrl_Delete
05-05 20:35:41.395 I/caladbolg(  301):  797012526 cald_iqctrl.c                    (21814)  9998 I [INF] - Cald_IqCtrl_Delete
05-05 20:35:41.395 I/caladbolg(  301):  797012543 cald_capctrl.c                   (12002)  9998 I [INF] + Cald_CapCtrl_Delete
05-05 20:35:41.395 I/caladbolg(  301):  797017485 cald_capctrl.c                   (12010)  9998 I [INF] - Cald_CapCtrl_Delete
05-05 20:35:41.395 I/caladbolg(  301):  797017502 cald_camctrl.c                   (10119)  9998 I [INF] - Cald_CamCtrl_Func_PowerDown
05-05 20:35:41.405 I/caladbolg(  301):  797023124 cald_client.c                      (425)   785 I [INF] - Cald_Client_ICamera_ReleaseCamera (0)
05-05 20:35:41.405 I/caladbolg(  301):  797023142 cald_client.c                     (2020)   785 I [INF] Cald_Client_Delete
05-05 20:35:41.405 I/caladbolg(  301):  797023341 cald_server.c                      (957)   785 I [INF] Cald_Server_ICameraServer_Stop
05-05 20:35:41.405 I/caladbolg(  301):  797023356 cald_server.c                      (965)   785 I [INF] Server ref counter = 0
05-05 20:35:41.405 I/caladbolg(  301):  797023369 cald_server.c                      (969)   785 I [INF] Server is deleted.
05-05 20:35:41.405 I/caladbolg(  301):  797023380 cald_camctrl.c                   (20477)   785 I [INF] + Cald_CamCtrl_Delete
05-05 20:35:41.405 I/caladbolg(  301):  797023413 cald_hal.c                        (6526)   785 I [INF] + Cald_Hal_Delete
05-05 20:35:41.405 I/illumination-service(  323): Client disconnected
05-05 20:35:41.405 I/illumination-service(  323): Client disconnected
05-05 20:35:41.405 D/lights-sniffer(  331): thread: Got a command
05-05 20:35:41.405 W/lights-sniffer(  331): 'system_als': Color 00000000, BrMode 1092452384, OnMS 0, OffMS 0, Mode 0
05-05 20:35:41.425 E/qcom_sensors_hal(  946): hal_process_report_ind: Bad item quality: 11 
05-05 20:35:41.445 E/mm-camera-img(  419): img_q_wait:225] after wait count 0
05-05 20:35:41.445 E/mm-camera-img(  419): img_q_wait:229] data 0x0
05-05 20:35:41.445 E/mm-camera-img(  419): module_imglib_msg_thread:99] X
05-05 20:35:41.445 E/mm-camera-img(  419): module_imglib_destroy_msg_thread:128] threadid 1079582488
05-05 20:35:41.445 E/mm-camera-img(  419): module_imglib_destroy_msg_thread:132] after msg thread exit
05-05 20:35:41.445 E/mm-camera-img(  419): img_q_wait:225] after wait count 0
05-05 20:35:41.445 E/mm-camera-img(  419): img_q_wait:229] data 0x0
05-05 20:35:41.445 E/mm-camera-img(  419): module_imglib_msg_thread:99] X
05-05 20:35:41.445 E/mm-camera-img(  419): module_imglib_destroy_msg_thread:128] threadid 1079582600
05-05 20:35:41.445 E/mm-camera-img(  419): module_imglib_destroy_msg_thread:132] after msg thread exit
05-05 20:35:41.445 E/hdr     (  419): Session id 0x2 stopped
05-05 20:35:41.455 I/caladbolg(  301):  797076638 cald_hal.c                        (6539)   785 I [INF] - Cald_Hal_Delete
05-05 20:35:41.455 I/caladbolg(  301):  797076680 cald_camctrl.c                   (20484)   785 I [INF] - Cald_CamCtrl_Delete
05-05 20:35:41.455 I/caladbolg(  301):  797076694 cald_camctrl.c                   (20477)   785 I [INF] + Cald_CamCtrl_Delete
05-05 20:35:41.455 I/caladbolg(  301):  797076725 cald_hal.c                        (6526)   785 I [INF] + Cald_Hal_Delete
05-05 20:35:41.455 I/caladbolg(  301):  797077760 cald_hal.c                        (6539)   785 I [INF] - Cald_Hal_Delete
05-05 20:35:41.455 I/caladbolg(  301):  797077795 cald_camctrl.c                   (20484)   785 I [INF] - Cald_CamCtrl_Delete
05-05 20:35:41.465 I/caladbolg(  301):  797083442 cald_pal.c                        (2142)   785 I [INF] PAL_Delete
05-05 20:35:41.465 I/caladbolg(  301):  797083585 pal.cpp                           (3219)   785 I [INF] PAL_TinyDelete
05-05 20:35:41.465 I/libcamera(  301): stopCamera: X
05-05 20:35:41.465 I/libcamera(  301): release: X
05-05 20:35:41.465 I/CameraClient(  301): Destroying camera 1
05-05 20:35:41.465 E/videodevice( 9889): start to get GetVideoDevInfo
05-05 20:35:41.465 W/AudioFlinger(  301): session id 76 not found for pid 301
05-05 20:35:41.465 W/AudioFlinger(  301): session id 77 not found for pid 301
05-05 20:35:41.465 E/VideoRequest( 9889): Initialize java resources
05-05 20:35:41.465 E/VideoRequest( 9889): Initialize ok
05-05 20:35:41.545 D/StatusBar.NetworkController( 1136): refreshViews: Data not connected!! If data is not in service, set no data type icon
05-05 20:35:41.545 D/StatusBar.NetworkController( 1136): refreshViews: Data not connected!! If data is not in service, set no data type icon
05-05 20:35:41.605 D/WifiNative-wlan0(  946): doString: SIGNAL_POLL
05-05 20:35:42.555 D/StatusBar.NetworkController( 1136): refreshViews: Data not connected!! If data is not in service, set no data type icon
05-05 20:35:42.555 D/StatusBar.NetworkController( 1136): refreshViews: Data not connected!! If data is not in service, set no data type icon
05-05 20:35:43.385 W/QCNEJ   (  946): |CORE| mDefaultApnLinkProp is null
05-05 20:35:43.385 E/Parcel  (  414): Reading a NULL string not supported here.
05-05 20:35:43.385 E/Parcel  (  414): Reading a NULL string not supported here.
05-05 20:35:43.385 D/StatusBar.NetworkController( 1136): refreshViews: Data not connected!! If data is not in service, set no data type icon
05-05 20:35:43.385 D/StatusBar.NetworkController( 1136): refreshViews: Data not connected!! If data is not in service, set no data type icon
05-05 20:35:43.565 D/StatusBar.NetworkController( 1136): refreshViews: Data not connected!! If data is not in service, set no data type icon
05-05 20:35:43.565 D/StatusBar.NetworkController( 1136): refreshViews: Data not connected!! If data is not in service, set no data type icon
05-05 20:35:43.785 W/GAV2    ( 9721): Thread[Service Reconnect,5,main]: Service unavailable (code=1), using local store.
05-05 20:35:43.785 W/ActivityManager(  946): Unable to start service Intent { act=com.google.android.gms.analytics.service.START (has extras) } U=0: not found
05-05 20:35:43.825 D/dalvikvm( 2301): GC_CONCURRENT freed 582K, 74% free 3219K/12180K, paused 3ms+0ms, total 20ms
05-05 20:35:43.825 D/dalvikvm( 2301): WAIT_FOR_CONCURRENT_GC blocked 7ms
05-05 20:35:43.865 D/dalvikvm( 2301): GC_CONCURRENT freed 370K, 73% free 3319K/12180K, paused 1ms+1ms, total 11ms
05-05 20:35:44.225 W/QCNEJ   (  946): |CORE| mDefaultApnLinkProp is null
05-05 20:35:44.225 E/Parcel  (  414): Reading a NULL string not supported here.
05-05 20:35:44.225 E/Parcel  (  414): Reading a NULL string not supported here.
05-05 20:35:44.225 D/StatusBar.NetworkController( 1136): refreshViews: Data not connected!! If data is not in service, set no data type icon
05-05 20:35:44.225 D/StatusBar.NetworkController( 1136): refreshViews: Data not connected!! If data is not in service, set no data type icon
05-05 20:35:44.615 D/WifiNative-wlan0(  946): doString: SIGNAL_POLL
05-05 20:35:44.655 D/StatusBar.NetworkController( 1136): refreshViews: Data not connected!! If data is not in service, set no data type icon
05-05 20:35:44.655 D/StatusBar.NetworkController( 1136): refreshViews: Data not connected!! If data is not in service, set no data type icon
05-05 20:35:44.785 D/dalvikvm(  946): GC_CONCURRENT freed 16763K, 33% free 37818K/55888K, paused 3ms+5ms, total 74ms
05-05 20:35:44.785 D/dalvikvm(  946): WAIT_FOR_CONCURRENT_GC blocked 58ms
05-05 20:35:44.805 D/AudioHardwareALSAExt(  301): setParameters()
05-05 20:35:44.805 D/AudioEffectALSA(  301): setParameters: routing=2
05-05 20:35:44.815 D/AudioEffectALSA(  301): setParameters: ret = 0
05-05 20:35:44.815 D/ALSAStreamOps(  301): setParameters(): keyRouting with device 0x2
05-05 20:35:44.815 D/ALSAStreamOps(  301): setParameters(): keyRouting with device 0x2
05-05 20:35:44.815 D/AudioHardwareALSA(  301): device = 0x2,mCurDevice 0x2
05-05 20:35:44.815 E/AudioHardwareALSA(  301): int* android_audio_legacy::AudioHardwareALSA::getCallStateForVSID(uint32_t): Invalid vsid:0
05-05 20:35:44.815 E/AudioHardwareALSA(  301): bool android_audio_legacy::AudioHardwareALSA::routeCall(int, int, uint32_t)(): Error, mCurCallState=0x0 is NULL
05-05 20:35:44.815 D/ALSADevice(  301): mInChannels:1
05-05 20:35:44.815 D/ALSADevice(  301): route: devices 0x2 in mode 0
05-05 20:35:44.815 D/ALSADevice(  301): setEndpDevice: device 2
05-05 20:35:44.815 D/ALSADevice(  301): setMixerControl:: name DS1 DAP Endpoint count 1
05-05 20:35:44.815 D/ALSADevice(  301): DMID value: 0
05-05 20:35:44.815 D/ALSADevice(  301): setMixerControl:: name DS1 Security count 1
05-05 20:35:44.815 D/ALSADevice(  301): switchDevice: device 0x2 mode:0
05-05 20:35:44.815 V/ALSADeviceExt(  301): nonCallOutputRouting: 2
05-05 20:35:44.815 V/ALSADeviceExt(  301): Routing to rx=Speaker
05-05 20:35:44.815 V/ALSADeviceExt(  301): nonCallInputRouting: 0
05-05 20:35:44.815 V/ALSADeviceExt(  301): Routing to tx=none
05-05 20:35:44.815 D/alsa_ucm(  301): snd_use_case_set(): uc_mgr 0x42141250 identifier _enadev value Speaker
05-05 20:35:44.815 V/ALSADeviceExt(  301): sendEffectParam: call
05-05 20:35:44.815 D/ALSADeviceExt(  301): sendEffectParam: no sound
05-05 20:35:44.815 D/ALSADevice(  301): switchDevice: mCurTxUCMDevivce Speaker Tx mCurRxDevDevice Speaker
05-05 20:35:44.815 D/AudioHardwareALSA(  301): setVoiceVolume(0.600000)
05-05 20:35:44.815 D/ALSADevice(  301): setVoipVolume: volume 40
05-05 20:35:44.815 D/ALSADevice(  301): setMixerControl:: name Voip Rx Volume value 40 index 0
05-05 20:35:44.825 D/ALSADevice(  301): route: devices 0x2 in mode 0
05-05 20:35:44.825 D/ALSADevice(  301): setEndpDevice: device 2
05-05 20:35:44.825 D/ALSADevice(  301): setMixerControl:: name DS1 DAP Endpoint count 1
05-05 20:35:44.825 D/ALSADevice(  301): DMID value: 0
05-05 20:35:44.825 D/ALSADevice(  301): setMixerControl:: name DS1 Security count 1
05-05 20:35:44.825 D/ALSADevice(  301): switchDevice: device 0x2 mode:0
05-05 20:35:44.825 V/ALSADeviceExt(  301): nonCallOutputRouting: 2
05-05 20:35:44.825 V/ALSADeviceExt(  301): Routing to rx=Speaker
05-05 20:35:44.825 V/ALSADeviceExt(  301): nonCallInputRouting: 0
05-05 20:35:44.825 V/ALSADeviceExt(  301): Routing to tx=none
05-05 20:35:44.825 D/alsa_ucm(  301): snd_use_case_set(): uc_mgr 0x42141250 identifier _enadev value Speaker
05-05 20:35:44.825 V/ALSADeviceExt(  301): sendEffectParam: call
05-05 20:35:44.825 D/ALSADeviceExt(  301): sendEffectParam: no sound
05-05 20:35:44.825 D/ALSADevice(  301): switchDevice: mCurTxUCMDevivce Speaker Tx mCurRxDevDevice Speaker
05-05 20:35:44.825 D/alsa_ucm(  301): snd_use_case_set(): uc_mgr 0x42141250 identifier _verb value HiFi Lowlatency
05-05 20:35:44.825 D/alsa_ucm(  301): Set mixer controls for Speaker enable 1
05-05 20:35:44.825 D/alsa_ucm(  301): acdb_id 15 cap 1 enable 1
05-05 20:35:44.825 D/ACDB-LOADER(  301): ACDB -> send_audio_cal, acdb_id = 15, path =  0
05-05 20:35:44.825 D/ACDB-LOADER(  301): ACDB -> send_adm_topology
05-05 20:35:44.825 D/ACDB-LOADER(  301): ACDB -> ACDB_CMD_GET_AUDPROC_COMMON_TOPOLOGY_ID
05-05 20:35:44.825 D/ACDB-LOADER(  301): ACDB -> send_audtable
05-05 20:35:44.825 D/ACDB-LOADER(  301): ACDB -> ACDB_CMD_GET_AUDPROC_COMMON_TABLE
05-05 20:35:44.825 D/ACDB-LOADER(  301): ACDB -> AUDIO_SET_AUDPROC_CAL
05-05 20:35:44.825 D/ACDB-LOADER(  301): ACDB -> send_audvoltable
05-05 20:35:44.825 D/ACDB-LOADER(  301): ACDB -> ACDB_CMD_GET_AUDPROC_GAIN_DEP_STEP_TABLE
05-05 20:35:44.825 D/ACDB-LOADER(  301): ACDB -> AUDIO_SET_AUDPROC_VOL_CAL
05-05 20:35:44.825 D/ACDB-LOADER(  301): ACDB -> send_afe_cal
05-05 20:35:44.825 D/ACDB-LOADER(  301): ACDB -> ACDB_CMD_GET_AFE_COMMON_TABLE
05-05 20:35:44.825 D/ACDB-LOADER(  301): ACDB -> AUDIO_SET_AFE_CAL
05-05 20:35:44.825 D/alsa_ucm(  301): Setting mixer control: SLIM RX1 MUX, value: AIF1_PB
05-05 20:35:44.825 D/alsa_ucm(  301): Setting mixer control: SLIM RX2 MUX, value: AIF1_PB
05-05 20:35:44.825 D/alsa_ucm(  301): Setting mixer control: SLIM_0_RX Channels, value: Two
05-05 20:35:44.825 D/alsa_ucm(  301): Setting mixer control: RX7 MIX1 INP1, value: RX1
05-05 20:35:44.825 D/alsa_ucm(  301): Setting mixer control: RX7 MIX1 INP2, value: RX2
05-05 20:35:44.825 D/alsa_ucm(  301): Setting mixer control: RX7 Digital Volume, value: 67
05-05 20:35:44.825 D/alsa_ucm(  301): Setting mixer control: SPK DRV Volume, value: 100
05-05 20:35:44.825 D/alsa_ucm(  301): Set mixer controls for HiFi Lowlatency enable 1
05-05 20:35:44.825 D/alsa_ucm(  301): Setting mixer control: SLIMBUS_0_RX Audio Mixer MultiMedia5, value: 1
05-05 20:35:44.825 D/ALSADevice(  301): close: handle 0x423ae9f8 h 0x0
05-05 20:35:44.825 D/ALSADevice(  301): open: handle 0x423ae9f8, format 0x2
05-05 20:35:44.825 D/ALSADevice(  301): Music case
05-05 20:35:44.825 D/ALSADevice(  301): Device value returned is hw:0,15
05-05 20:35:44.825 D/ALSADevice(  301): flags 0, devName hw:0,15
05-05 20:35:44.825 D/ALSADevice(  301): handle->format: 0x2
05-05 20:35:44.825 D/ALSADevice(  301): setHardwareParams: reqBuffSize 1024 channels 2 sampleRate 48000
05-05 20:35:44.835 D/ALSADevice(  301): setHardwareParams: buffer_size 8192, period_size 1024, period_cnt 8
05-05 20:35:44.835 D/AudioEffectALSA(  301): findSupportedEffect: device 0x2 is support=0x00000017
05-05 20:35:44.835 D/ALSADeviceExt(  301): addPOPPEffectHandle: Unsupported usecase HiFi Lowlatency
05-05 20:35:44.835 V/ALSADeviceExt(  301): sendEffectParam: call
05-05 20:35:44.835 D/ALSADeviceExt(  301): sendEffectParam: no sound
05-05 20:35:44.865 D/CAT     ( 1387): StkAppService: 6called on slot:0
05-05 20:35:44.865 D/CAT     ( 1387): StkAppService$ServiceHandler: IDLE SCREEN
05-05 20:35:44.865 D/CAT     ( 1387): StkAppService$ServiceHandler: Need to send IDLE SCREEN Available event to SIM
05-05 20:35:44.865 D/CAT     ( 1387): StkAppService$ServiceHandler: Event :5
05-05 20:35:44.865 D/CAT     ( 1387): StkAppService$ServiceHandler: SetupEventList is not received. Ignoring the event: 5
05-05 20:35:44.865 W/InputMethodManagerService(  946): Got RemoteException sending setActive(false) notification to pid 3601 uid 10058
05-05 20:35:44.875 W/ActivityManager(  946): Duplicate finish request for ActivityRecord{43e0e7f0 u0 com.sonymobile.lut.uploadreminder/.InfoDialog}
05-05 20:35:44.895 D/AwesomePlayer(  301): Before reset_l
05-05 20:35:44.895 D/AwesomePlayer(  301): printFileName fd(51) -> /system/app/textinput-chn.apk
05-05 20:35:44.895 I/OdekakeDcfFile(  312): Invalid content
05-05 20:35:44.895 I/OdekakeDcfFile(  312): Invalid content
05-05 20:35:44.895 D/QCUtilClass(  301): extended extractor not needed, return default
05-05 20:35:44.895 D/AwesomePlayer(  301): Tunnel Mime Type: audio/raw, object alive = 0, mTunnelAliveAP = 0
05-05 20:35:44.905 D/AwesomePlayer(  301): maxPossible tunnels = 4
05-05 20:35:44.905 D/AwesomePlayer(  301): Normal Audio Playback
05-05 20:35:44.905 D/AwesomePlayer(  301): Set Audio Track as Audio Source
05-05 20:35:44.905 W/AwesomePlayer(  301): Trying to create tunnel player mIsTunnelAudio 0,                         LPAPlayer::objectsAlive 0,                         TunnelPlayer::mTunnelObjectsAlive = 0,                        (mAudioPlayer == NULL) 1
05-05 20:35:44.905 E/AwesomePlayer(  301): LPAPlayer::Clip duration setting of less than 30sec not supported, defaulting to 60sec
05-05 20:35:44.905 D/AwesomePlayer(  301): Before reset_l
05-05 20:35:44.905 D/AwesomePlayer(  301): printFileName fd(52) -> /system/app/textinput-chn.apk
05-05 20:35:44.905 I/OdekakeDcfFile(  312): Invalid content
05-05 20:35:44.915 I/OdekakeDcfFile(  312): Invalid content
05-05 20:35:44.915 D/QCUtilClass(  301): extended extractor not needed, return default
05-05 20:35:44.915 D/AwesomePlayer(  301): Tunnel Mime Type: audio/raw, object alive = 0, mTunnelAliveAP = 0
05-05 20:35:44.915 D/AwesomePlayer(  301): maxPossible tunnels = 4
