05-05 20:23:49.195 W/ContextImpl(  946): Calling a method in the system process without a qualified user: android.app.ContextImpl.startService:1396 com.sony.smallapp.internal.util.WindowUtils.hideSmallAppWindows:62 com.android.internal.policy.impl.keyguard.KeyguardViewManager.show:107 com.android.internal.policy.impl.keyguard.KeyguardViewMediator.handleShow:1273 com.android.internal.policy.impl.keyguard.KeyguardViewMediator.access$1400:104 
05-05 20:23:49.285 D/PhoneStatusBar( 1136): disable: < expand icons alerts ticker system_info back home RECENT* clock SEARCH* >
05-05 20:24:17.345 W/ContextImpl(  946): Calling a method in the system process without a qualified user: android.app.ContextImpl.sendBroadcast:1076 android.view.inputmethod.InputMethodManager.sendFocusChangedBroadcast:1234 android.view.inputmethod.InputMethodManager.focusInLocked:1266 android.view.inputmethod.InputMethodManager.focusIn:1253 android.view.View.onWindowFocusChanged:7647 
05-05 20:24:17.345 D/PhoneStatusBar( 1136): disable: < expand icons alerts ticker system_info BACK* HOME* RECENT clock SEARCH >
05-05 20:25:12.205 W/ProcessStats(  946): Skipping unknown process pid 9299
05-05 20:25:12.205 W/ProcessStats(  946): Skipping unknown process pid 9300
05-05 20:25:12.205 W/ProcessStats(  946): Skipping unknown process pid 9301
05-05 20:25:12.205 W/ProcessStats(  946): Skipping unknown process pid 9302
05-05 20:25:12.205 W/ProcessStats(  946): Skipping unknown process pid 9303
05-05 20:25:12.205 W/ProcessStats(  946): Skipping unknown process pid 9304
05-05 20:25:12.205 W/ProcessStats(  946): Skipping unknown process pid 9305
05-05 20:32:58.225 W/ThrottleService(  946): unable to find stats for iface rmnet0
05-05 20:35:23.195 I/PowerManagerService(  946): Waking up from sleep...
05-05 20:35:23.415 I/WindowManager(  946): Lock screen displayed!
05-05 20:35:23.495 D/StatusBar.NetworkController( 1136): refreshViews: Data not connected!! If data is not in service, set no data type icon
05-05 20:35:23.495 D/StatusBar.NetworkController( 1136): refreshViews: Data not connected!! If data is not in service, set no data type icon
05-05 20:35:23.525 D/StatusBar.NetworkController( 1136): refreshViews: Data not connected!! If data is not in service, set no data type icon
05-05 20:35:23.525 D/StatusBar.NetworkController( 1136): refreshViews: Data not connected!! If data is not in service, set no data type icon
05-05 20:35:23.565 D/StatusBar.NetworkController( 1136): refreshViews: Data not connected!! If data is not in service, set no data type icon
05-05 20:35:23.565 D/StatusBar.NetworkController( 1136): refreshViews: Data not connected!! If data is not in service, set no data type icon
05-05 20:35:23.605 W/ContextImpl( 5915): Calling a method in the system process without a qualified user: android.app.ContextImpl.bindService:1450 android.content.ContextWrapper.bindService:473 com.sonyericsson.android.crashsms.MiscTaInfo.open:154 com.sonyericsson.android.crashsms.CrashSMS.onHandleIntent:1012 android.app.IntentService$ServiceHandler.handleMessage:65 
05-05 20:35:23.615 W/ContextImpl( 3483): Calling a method in the system process without a qualified user: android.app.ContextImpl.startService:1396 android.content.ContextWrapper.startService:450 com.sonymobile.phoneusage.service.ScreenReceiver.onReceive:24 android.app.LoadedApk$ReceiverDispatcher$Args.run:758 android.os.Handler.handleCallback:725 
05-05 20:35:24.095 W/ContextImpl(  946): Calling a method in the system process without a qualified user: android.app.ContextImpl.sendBroadcast:1076 android.view.inputmethod.InputMethodManager.sendFocusChangedBroadcast:1234 android.view.inputmethod.InputMethodManager.focusInLocked:1266 android.view.inputmethod.InputMethodManager.focusIn:1253 android.view.View.onFocusChanged:4764 
05-05 20:35:24.105 D/PhoneStatusBar( 1136): disable: < expand icons alerts ticker system_info BACK HOME recent* clock search* >
05-05 20:35:24.135 W/InputMethodManagerService(  946): Window already focused, ignoring focus gain of: com.android.internal.view.IInputMethodClient$Stub$Proxy@41df43a0 attribute=android.view.inputmethod.EditorInfo@43c570d8, token = android.os.BinderProxy@43dddbc0
05-05 20:35:24.135 W/ContextImpl( 3483): Calling a method in the system process without a qualified user: android.app.ContextImpl.startService:1396 android.content.ContextWrapper.startService:450 android.content.ContextWrapper.startService:450 com.sonymobile.phoneusage.service.UserPresentReceiver.onReceive:22 android.app.ActivityThread.handleReceiver:2429 
05-05 20:35:24.175 D/PhoneStatusBar( 1136): disable: < expand icons alerts ticker system_info back* home* recent clock search >
05-05 20:35:24.595 W/ContextImpl(  946): Calling a method in the system process without a qualified user: android.app.ContextImpl.startService:1396 com.sony.smallapp.internal.util.WindowUtils.showSmallAppWindows:75 com.android.internal.policy.impl.keyguard.KeyguardViewManager$2.run:460 android.os.Handler.handleCallback:725 android.os.Handler.dispatchMessage:92 
05-05 20:35:25.025 D/StatusBar.NetworkController( 1136): refreshViews: Data not connected!! If data is not in service, set no data type icon
05-05 20:35:25.025 D/StatusBar.NetworkController( 1136): refreshViews: Data not connected!! If data is not in service, set no data type icon
05-05 20:35:25.515 D/StatusBar.NetworkController( 1136): refreshViews: Data not connected!! If data is not in service, set no data type icon
05-05 20:35:25.515 D/StatusBar.NetworkController( 1136): refreshViews: Data not connected!! If data is not in service, set no data type icon
05-05 20:35:26.515 D/StatusBar.NetworkController( 1136): refreshViews: Data not connected!! If data is not in service, set no data type icon
05-05 20:35:26.515 D/StatusBar.NetworkController( 1136): refreshViews: Data not connected!! If data is not in service, set no data type icon
05-05 20:35:26.915 D/StatusBar.NetworkController( 1136): refreshViews: Data not connected!! If data is not in service, set no data type icon
05-05 20:35:26.915 D/StatusBar.NetworkController( 1136): refreshViews: Data not connected!! If data is not in service, set no data type icon
05-05 20:35:27.175 E/AndroidRuntime( 3601): FATAL EXCEPTION: main
05-05 20:35:27.175 E/AndroidRuntime( 3601): java.lang.IllegalArgumentException: Cannot draw recycled bitmaps
05-05 20:35:27.175 E/AndroidRuntime( 3601): 	at android.view.GLES20Canvas.drawBitmap(GLES20Canvas.java:789)
05-05 20:35:27.175 E/AndroidRuntime( 3601): 	at android.view.GLES20RecordingCanvas.drawBitmap(GLES20RecordingCanvas.java:118)
05-05 20:35:27.175 E/AndroidRuntime( 3601): 	at android.graphics.drawable.BitmapDrawable.draw(BitmapDrawable.java:393)
05-05 20:35:27.175 E/AndroidRuntime( 3601): 	at android.widget.ImageView.onDraw(ImageView.java:982)
05-05 20:35:27.175 E/AndroidRuntime( 3601): 	at android.view.View.draw(View.java:13894)
05-05 20:35:27.175 E/AndroidRuntime( 3601): 	at android.view.View.draw(View.java:13778)
05-05 20:35:27.175 E/AndroidRuntime( 3601): 	at android.view.ViewGroup.drawChild(ViewGroup.java:2928)
05-05 20:35:27.175 E/AndroidRuntime( 3601): 	at android.view.ViewGroup.dispatchDraw(ViewGroup.java:2797)
05-05 20:35:27.175 E/AndroidRuntime( 3601): 	at android.view.View.draw(View.java:13776)
05-05 20:35:27.175 E/AndroidRuntime( 3601): 	at android.view.ViewGroup.drawChild(ViewGroup.java:2928)
05-05 20:35:27.175 E/AndroidRuntime( 3601): 	at android.view.ViewGroup.dispatchDraw(ViewGroup.java:2797)
05-05 20:35:27.175 E/AndroidRuntime( 3601): 	at android.view.View.draw(View.java:13776)
05-05 20:35:27.175 E/AndroidRuntime( 3601): 	at android.view.ViewGroup.drawChild(ViewGroup.java:2928)
05-05 20:35:27.175 E/AndroidRuntime( 3601): 	at android.view.ViewGroup.dispatchDraw(ViewGroup.java:2797)
05-05 20:35:27.175 E/AndroidRuntime( 3601): 	at android.view.View.draw(View.java:13776)
05-05 20:35:27.175 E/AndroidRuntime( 3601): 	at android.view.ViewGroup.drawChild(ViewGroup.java:2928)
05-05 20:35:27.175 E/AndroidRuntime( 3601): 	at android.view.ViewGroup.dispatchDraw(ViewGroup.java:2797)
05-05 20:35:27.175 E/AndroidRuntime( 3601): 	at android.view.View.draw(View.java:13776)
05-05 20:35:27.175 E/AndroidRuntime( 3601): 	at android.view.ViewGroup.drawChild(ViewGroup.java:2928)
05-05 20:35:27.175 E/AndroidRuntime( 3601): 	at android.widget.ListView.drawChild(ListView.java:3340)
05-05 20:35:27.175 E/AndroidRuntime( 3601): 	at android.view.ViewGroup.dispatchDraw(ViewGroup.java:2797)
05-05 20:35:27.175 E/AndroidRuntime( 3601): 	at android.widget.AbsListView.dispatchDraw(AbsListView.java:2331)
05-05 20:35:27.175 E/AndroidRuntime( 3601): 	at android.widget.ListView.dispatchDraw(ListView.java:3335)
05-05 20:35:27.175 E/AndroidRuntime( 3601): 	at android.view.View.draw(View.java:13897)
05-05 20:35:27.175 E/AndroidRuntime( 3601): 	at android.widget.AbsListView.draw(AbsListView.java:3661)
05-05 20:35:27.175 E/AndroidRuntime( 3601): 	at android.view.View.getDisplayList(View.java:12832)
05-05 20:35:27.175 E/AndroidRuntime( 3601): 	at android.view.View.getDisplayList(View.java:12876)
05-05 20:35:27.175 E/AndroidRuntime( 3601): 	at android.view.ViewGroup.dispatchGetDisplayList(ViewGroup.java:2910)
05-05 20:35:27.175 E/AndroidRuntime( 3601): 	at android.view.View.getDisplayList(View.java:12770)
05-05 20:35:27.175 E/AndroidRuntime( 3601): 	at android.view.View.getDisplayList(View.java:12876)
05-05 20:35:27.175 E/AndroidRuntime( 3601): 	at android.view.ViewGroup.dispatchGetDisplayList(ViewGroup.java:2910)
05-05 20:35:27.175 E/AndroidRuntime( 3601): 	at android.view.View.getDisplayList(View.java:12770)
05-05 20:35:27.175 E/AndroidRuntime( 3601): 	at android.view.View.getDisplayList(View.java:12876)
05-05 20:35:27.175 E/AndroidRuntime( 3601): 	at android.view.ViewGroup.dispatchGetDisplayList(ViewGroup.java:2910)
05-05 20:35:27.175 E/AndroidRuntime( 3601): 	at android.view.View.getDisplayList(View.java:12770)
05-05 20:35:27.175 E/AndroidRuntime( 3601): 	at android.view.View.getDisplayList(View.java:12876)
05-05 20:35:27.175 E/AndroidRuntime( 3601): 	at android.view.ViewGroup.dispatchGetDisplayList(ViewGroup.java:2910)
05-05 20:35:27.175 E/AndroidRuntime( 3601): 	at android.view.View.getDisplayList(View.java:12770)
05-05 20:35:27.175 E/AndroidRuntime( 3601): 	at android.view.View.getDisplayList(View.java:12876)
05-05 20:35:27.175 E/AndroidRuntime( 3601): 	at android.view.ViewGroup.dispatchGetDisplayList(ViewGroup.java:2910)
05-05 20:35:27.175 E/AndroidRuntime( 3601): 	at android.view.View.getDisplayList(View.java:12770)
05-05 20:35:27.175 E/AndroidRuntime( 3601): 	at android.view.View.getDisplayList(View.java:12876)
05-05 20:35:27.175 E/AndroidRuntime( 3601): 	at android.view.ViewGroup.dispatchGetDisplayList(ViewGroup.java:2910)
05-05 20:35:27.175 E/AndroidRuntime( 3601): 	at android.view.View.getDisplayList(View.java:12770)
05-05 20:35:27.175 E/AndroidRuntime( 3601): 	at android.view.View.getDisplayList(View.java:12876)
05-05 20:35:27.175 E/AndroidRuntime( 3601): 	at android.view.ViewGroup.dispatchGetDisplayList(ViewGroup.java:2910)
05-05 20:35:27.175 E/AndroidRuntime( 3601): 	at android.view.View.getDisplayList(View.java:12770)
05-05 20:35:27.175 E/AndroidRuntime( 3601): 	at android.view.View.getDisplayList(View.java:12876)
05-05 20:35:27.175 E/AndroidRuntime( 3601): 	at android.view.ViewGroup.dispatchGetDisplayList(ViewGroup.java:2910)
05-05 20:35:27.175 E/AndroidRuntime( 3601): 	at android.view.View.getDisplayList(View.java:12770)
05-05 20:35:27.175 E/AndroidRuntime( 3601): 	at android.view.View.getDisplayList(View.java:12876)
05-05 20:35:27.175 E/AndroidRuntime( 3601): 	at android.view.ViewGroup.dispatchGetDisplayList(ViewGroup.java:2910)
05-05 20:35:27.175 E/AndroidRuntime( 3601): 	at android.view.View.getDisplayList(View.java:12770)
05-05 20:35:27.175 E/AndroidRuntime( 3601): 	at android.view.View.getDisplayList(View.java:12876)
05-05 20:35:27.175 E/AndroidRuntime( 3601): 	at android.view.HardwareRenderer$GlRenderer.draw(HardwareRenderer.java:1200)
05-05 20:35:27.175 E/AndroidRuntime( 3601): 	at android.view.ViewRootImpl.draw(ViewRootImpl.java:2183)
05-05 20:35:27.175 E/AndroidRuntime( 3601): 	at android.view.ViewRootImpl.performDraw(ViewRootImpl.java:2055)
05-05 20:35:27.175 E/AndroidRuntime( 3601): 	at android.view.ViewRootImpl.performTraversals(ViewRootImpl.java:1864)
05-05 20:35:27.175 E/AndroidRuntime( 3601): 	at android.view.ViewRootImpl.doTraversal(ViewRootImpl.java:994)
05-05 20:35:27.175 E/AndroidRuntime( 3601): 	at android.view.ViewRootImpl$TraversalRunnable.run(ViewRootImpl.java:4363)
05-05 20:35:27.175 E/AndroidRuntime( 3601): 	at android.view.Choreographer$CallbackRecord.run(Choreographer.java:749)
05-05 20:35:27.175 E/AndroidRuntime( 3601): 	at android.view.Choreographer.doCallbacks(Choreographer.java:562)
05-05 20:35:27.175 E/AndroidRuntime( 3601): 	at android.view.Choreographer.doFrame(Choreographer.java:532)
05-05 20:35:27.175 E/AndroidRuntime( 3601): 	at android.view.Choreographer$FrameDisplayEventReceiver.run(Choreographer.java:735)
05-05 20:35:27.175 E/AndroidRuntime( 3601): 	at android.os.Handler.handleCallback(Handler.java:725)
05-05 20:35:27.175 E/AndroidRuntime( 3601): 	at android.os.Handler.dispatchMessage(Handler.java:92)
05-05 20:35:27.175 E/AndroidRuntime( 3601): 	at android
05-05 20:35:27.185 W/ActivityManager(  946):   Force finishing activity com.v2tech/.view.MainActivity
05-05 20:35:27.695 W/ActivityManager(  946): Activity pause timeout for ActivityRecord{41c92be8 u0 com.v2tech/.view.MainActivity}
05-05 20:35:29.265 D/StatusBar.NetworkController( 1136): refreshViews: Data not connected!! If data is not in service, set no data type icon
05-05 20:35:29.265 D/StatusBar.NetworkController( 1136): refreshViews: Data not connected!! If data is not in service, set no data type icon
05-05 20:35:29.515 D/StatusBar.NetworkController( 1136): refreshViews: Data not connected!! If data is not in service, set no data type icon
05-05 20:35:29.515 D/StatusBar.NetworkController( 1136): refreshViews: Data not connected!! If data is not in service, set no data type icon
05-05 20:35:30.525 D/StatusBar.NetworkController( 1136): refreshViews: Data not connected!! If data is not in service, set no data type icon
05-05 20:35:30.525 D/StatusBar.NetworkController( 1136): refreshViews: Data not connected!! If data is not in service, set no data type icon
05-05 20:35:31.515 D/StatusBar.NetworkController( 1136): refreshViews: Data not connected!! If data is not in service, set no data type icon
05-05 20:35:31.515 D/StatusBar.NetworkController( 1136): refreshViews: Data not connected!! If data is not in service, set no data type icon
05-05 20:35:31.965 D/QcConnectivityService(  946): Actual State: DefaultConnectivityState, Current State: DefaultConnectivityState.processMessage what=113
05-05 20:35:31.975 D/QcConnectivityService(  946): Actual State: DefaultConnectivityState, Current State: DefaultConnectivityState.processMessage what=113
05-05 20:35:31.975 D/QcConnectivityService(  946): Actual State: DefaultConnectivityState, Current State: DefaultConnectivityState.processMessage what=113
05-05 20:35:32.525 D/StatusBar.NetworkController( 1136): refreshViews: Data not connected!! If data is not in service, set no data type icon
05-05 20:35:32.525 D/StatusBar.NetworkController( 1136): refreshViews: Data not connected!! If data is not in service, set no data type icon
05-05 20:35:33.465 W/ContextImpl( 1726): Calling a method in the system process without a qualified user: android.app.ContextImpl.startService:1396 android.content.ContextWrapper.startService:450 android.content.ContextWrapper.startService:450 com.sonyericsson.usbux.service.UsbServiceReceiver.onReceive:58 android.app.ActivityThread.handleReceiver:2429 
05-05 20:35:33.525 D/StatusBar.NetworkController( 1136): refreshViews: Data not connected!! If data is not in service, set no data type icon
05-05 20:35:33.535 D/StatusBar.NetworkController( 1136): refreshViews: Data not connected!! If data is not in service, set no data type icon
05-05 20:35:33.625 W/ContextImpl( 1726): Calling a method in the system process without a qualified user: android.app.ContextImpl.startService:1396 android.content.ContextWrapper.startService:450 android.content.ContextWrapper.startService:450 com.sonyericsson.usbux.service.UsbServiceReceiver.onReceive:58 android.app.ActivityThread.handleReceiver:2429 
05-05 20:35:33.725 I/ActivityManager(  946): Start proc com.sonyericsson.extras.liveware for broadcast com.sonyericsson.extras.liveware/.asf.EventReceiver: pid=9721 uid=10180 gids={50180, 3002, 3001, 3003, 1015, 1028}
05-05 20:35:33.725 W/PowerUI ( 1136): unknown intent: Intent { act=android.intent.action.ACTION_POWER_CONNECTED flg=0x8000010 }
05-05 20:35:33.835 W/ContextImpl( 1726): Calling a method in the system process without a qualified user: android.app.ContextImpl.startService:1396 android.content.ContextWrapper.startService:450 android.content.ContextWrapper.startService:450 com.sonyericsson.usbux.service.UsbServiceReceiver.onReceive:58 android.app.ActivityThread.handleReceiver:2429 
05-05 20:35:33.835 E/NotificationService(  946): Ignoring notification with icon==0: Notification(pri=0 contentView=null vibrate=null sound=null defaults=0x0 flags=0x62 kind=[null])
05-05 20:35:33.865 I/ActivityManager(  946): START u0 {flg=0x10000000 cmp=com.sonymobile.lut.uploadreminder/.InfoDialog} from pid 3144
--------- beginning of /dev/log/main
05-05 20:35:34.085 D/MediaPlayer( 3144): mContextLock Held PLAYER_PLAY
05-05 20:35:34.085 D/MediaPlayer( 3144): start() mUri is content://settings/system/notification_sound
05-05 20:35:34.085 D/BluetoothA2dpService(  946): uri is <URI SUPPRESSED> mUri is <URI SUPPRESSED>
05-05 20:35:34.085 D/BluetoothA2dpService(  946): Internal audio file data, ignoring
05-05 20:35:34.095 D/AudioTrack(  301): latency() mLatency = 266, newLatency = 266
05-05 20:35:34.105 D/ALSADevice(  301): setHardwareParams: buffer_size 16384, period_size 2048, period_cnt 8
05-05 20:35:34.105 D/AudioEffectALSA(  301): findSupportedEffect: device 0x2 is support=0x00000017
05-05 20:35:34.105 D/ALSADeviceExt(  301): addPOPPEffectHandle: Add alsa handle, usecase Play Music
05-05 20:35:34.105 V/ALSADeviceExt(  301): sendEffectParam: call
05-05 20:35:34.105 D/AudioEffectALSA(  301): getEffectParam: update flag = 0x007f,
05-05 20:35:34.105 D/AudioEffectALSA(  301): getEffectParam: Unsupported deivce. Disable effect HearingProtection
05-05 20:35:34.105 D/AudioEffectALSA(  301): getEffectParam: count = 5
05-05 20:35:34.105 I/alsa_effect(  301): snd_effect_store_for_device: Create new effect info for SLIMBUS_0_RX xLOUD
05-05 20:35:34.105 D/alsa_effect(  301): snd_effect_info_create : Copy SLIMBUS_0_RX xLOUD param. param[0] = 0
05-05 20:35:34.105 I/alsa_effect(  301): snd_effect_store_for_device: Create new effect info for SLIMBUS_0_RX ClearPhase
05-05 20:35:34.105 D/alsa_effect(  301): snd_effect_info_create : Copy SLIMBUS_0_RX ClearPhase param. param[0] = 0
05-05 20:35:34.105 W/alsa_effect(  301): snd_effect_info_update: control name is NULL
05-05 20:35:34.105 E/ALSADeviceExt(  301): sendEffectParam: snd_effect_store failed. Effect: HearingProtection
05-05 20:35:34.105 D/alsa_effect(  301): snd_effect_store_for_usecase: No matched verb(HiFi Lowlatency) found
05-05 20:35:34.105 I/alsa_effect(  301): snd_effect_store_for_usecase: Create new effect info for MultiMedia1 ClearAudioVPT
05-05 20:35:34.105 D/alsa_effect(  301): snd_effect_info_create : Copy MultiMedia1 ClearAudioVPT param. param[0] = 0
05-05 20:35:34.105 D/alsa_effect(  301): snd_effect_info_create : Copy MultiMedia1 ClearAudioVPT param. param[1] = 0
05-05 20:35:34.105 D/alsa_effect(  301): snd_effect_info_create : Copy MultiMedia1 ClearAudioVPT param. param[2] = 0
05-05 20:35:34.105 D/alsa_effect(  301): snd_effect_info_create : Copy MultiMedia1 ClearAudioVPT param. param[3] = 0
05-05 20:35:34.105 D/alsa_effect(  301): snd_effect_info_create : Copy MultiMedia1 ClearAudioVPT param. param[4] = 0
05-05 20:35:34.105 D/alsa_effect(  301): snd_effect_info_create : Copy MultiMedia1 ClearAudioVPT param. param[5] = 0
05-05 20:35:34.105 D/alsa_effect(  301): snd_effect_info_create : Copy MultiMedia1 ClearAudioVPT param. param[6] = 0
05-05 20:35:34.105 D/alsa_effect(  301): snd_effect_info_create : Copy MultiMedia1 ClearAudioVPT param. param[7] = 0
05-05 20:35:34.105 D/alsa_effect(  301): snd_effect_info_create : Copy MultiMedia1 ClearAudioVPT param. param[8] = 4
05-05 20:35:34.105 D/alsa_effect(  301): snd_effect_store_for_usecase: No matched verb(HiFi Lowlatency) found
05-05 20:35:34.105 I/alsa_effect(  301): snd_effect_store_for_usecase: Create new effect info for MultiMedia1 DynamicNormalizer
05-05 20:35:34.105 D/alsa_effect(  301): snd_effect_info_create : Copy MultiMedia1 DynamicNormalizer param. param[0] = 0
05-05 20:35:34.105 V/ALSADeviceExt(  301): sendEffectParam: list free
05-05 20:35:34.135 D/AudioTrack(  301): latency() mLatency = 266, newLatency = 266
05-05 20:35:34.145 D/AudioHardwareALSAExt(  301): getParameters() supported_effect
05-05 20:35:34.155 D/AudioTrack(  301): latency() mLatency = 266, newLatency = 266
05-05 20:35:34.175 D/AudioTrack(  301): latency() mLatency = 266, newLatency = 266
05-05 20:35:34.195 D/AudioTrack(  301): latency() mLatency = 266, newLatency = 266
05-05 20:35:34.215 D/lights-sniffer(  331): thread: Got a command
05-05 20:35:34.215 W/lights-sniffer(  331): 'battery': Color ffff3000, BrMode 0, OnMS 0, OffMS 0, Mode 0
05-05 20:35:34.215 I/SomcTransmitPowerManager( 1387): getBatteryVoltageLevel(3940)
05-05 20:35:34.215 I/SomcTransmitPowerManager( 1387): BatteryVoltageLevel: 1
05-05 20:35:34.215 D/SomcTransmitPowerManager( 1387): Battery changed with Voltage: 3940 mV
05-05 20:35:34.215 D/SomcTransmitPowerManager( 1387): Old PowerLevel: 6, current PowerLevel: 6
05-05 20:35:34.225 D/AudioTrack(  301): latency() mLatency = 266, newLatency = 266
05-05 20:35:34.245 D/AudioTrack(  301): latency() mLatency = 266, newLatency = 266
05-05 20:35:34.265 I/SomcTransmitPowerManager( 1387): getBatteryVoltageLevel(3906)
05-05 20:35:34.265 I/SomcTransmitPowerManager( 1387): BatteryVoltageLevel: 1
05-05 20:35:34.265 D/SomcTransmitPowerManager( 1387): Battery changed with Voltage: 3906 mV
05-05 20:35:34.265 D/SomcTransmitPowerManager( 1387): Old PowerLevel: 6, current PowerLevel: 6
05-05 20:35:34.265 D/AudioTrack(  301): latency() mLatency = 266, newLatency = 266
05-05 20:35:34.285 D/AudioTrack(  301): latency() mLatency = 266, newLatency = 266
05-05 20:35:34.295 D/dalvikvm( 1415): GC_CONCURRENT freed 1108K, 76% free 2775K/11148K, paused 1ms+1ms, total 12ms
05-05 20:35:34.295 I/SomcTransmitPowerManager( 1387): getBatteryVoltageLevel(3915)
05-05 20:35:34.295 I/SomcTransmitPowerManager( 1387): BatteryVoltageLevel: 1
05-05 20:35:34.295 D/SomcTransmitPowerManager( 1387): Battery changed with Voltage: 3915 mV
05-05 20:35:34.295 D/SomcTransmitPowerManager( 1387): Old PowerLevel: 6, current PowerLevel: 6
05-05 20:35:34.305 D/AudioTrack(  301): latency() mLatency = 266, newLatency = 266
05-05 20:35:34.325 I/SomcTransmitPowerManager( 1387): getBatteryVoltageLevel(3887)
05-05 20:35:34.325 I/SomcTransmitPowerManager( 1387): BatteryVoltageLevel: 1
05-05 20:35:34.325 D/SomcTransmitPowerManager( 1387): Battery changed with Voltage: 3887 mV
05-05 20:35:34.325 D/SomcTransmitPowerManager( 1387): Old PowerLevel: 6, current PowerLevel: 6
05-05 20:35:34.335 D/AudioTrack(  301): latency() mLatency = 266, newLatency = 266
05-05 20:35:34.335 D/AudioTrack(  301): latency() mLatency = 266, newLatency = 266
05-05 20:35:34.335 D/AudioTrack(  301): latency() mLatency = 266, newLatency = 266
05-05 20:35:34.335 D/AudioTrack(  301): latency() mLatency = 266, newLatency = 266
05-05 20:35:34.335 D/AudioTrack(  301): latency() mLatency = 266, newLatency = 266
05-05 20:35:34.335 D/AudioTrack(  301): latency() mLatency = 266, newLatency = 266
05-05 20:35:34.345 I/SomcTransmitPowerManager( 1387): getBatteryVoltageLevel(3934)
05-05 20:35:34.345 I/SomcTransmitPowerManager( 1387): BatteryVoltageLevel: 1
05-05 20:35:34.345 D/SomcTransmitPowerManager( 1387): Battery changed with Voltage: 3934 mV
05-05 20:35:34.345 D/SomcTransmitPowerManager( 1387): Old PowerLevel: 6, current PowerLevel: 6
05-05 20:35:34.355 D/AudioTrack(  301): latency() mLatency = 266, newLatency = 266
05-05 20:35:34.365 I/SomcTransmitPowerManager( 1387): getBatteryVoltageLevel(3901)
05-05 20:35:34.365 I/SomcTransmitPowerManager( 1387): BatteryVoltageLevel: 1
05-05 20:35:34.365 D/SomcTransmitPowerManager( 1387): Battery changed with Voltage: 3901 mV
05-05 20:35:34.365 D/SomcTransmitPowerManager( 1387): Old PowerLevel: 6, current PowerLevel: 6
05-05 20:35:34.375 D/AudioTrack(  301): latency() mLatency = 266, newLatency = 266
05-05 20:35:34.385 I/SomcTransmitPowerManager( 1387): getBatteryVoltageLevel(3936)
05-05 20:35:34.385 I/SomcTransmitPowerManager( 1387): BatteryVoltageLevel: 1
05-05 20:35:34.385 D/SomcTransmitPowerManager( 1387): Battery changed with Voltage: 3936 mV
05-05 20:35:34.385 D/SomcTransmitPowerManager( 1387): Old PowerLevel: 6, current PowerLevel: 6
05-05 20:35:34.395 D/AudioTrack(  301): latency() mLatency = 266, newLatency = 266
05-05 20:35:34.415 W/QCNEJ   (  946): |CORE| mDefaultApnLinkProp is null
05-05 20:35:34.415 E/Parcel  (  414): Reading a NULL string not supported here.
05-05 20:35:34.415 E/Parcel  (  414): Reading a NULL string not supported here.
05-05 20:35:34.415 D/AudioTrack(  301): latency() mLatency = 266, newLatency = 266
05-05 20:35:34.415 D/dalvikvm( 1415): GC_CONCURRENT freed 434K, 76% free 2771K/11148K, paused 0ms+1ms, total 8ms
05-05 20:35:34.415 D/StatusBar.NetworkController( 1136): refreshViews: Data not connected!! If data is not in service, set no data type icon
05-05 20:35:34.415 D/StatusBar.NetworkController( 1136): refreshViews: Data not connected!! If data is not in service, set no data type icon
05-05 20:35:34.435 D/AudioTrack(  301): latency() mLatency = 266, newLatency = 266
05-05 20:35:34.455 D/AudioTrack(  301): latency() mLatency = 266, newLatency = 266
05-05 20:35:34.475 D/AudioTrack(  301): latency() mLatency = 266, newLatency = 266
05-05 20:35:34.505 D/AudioTrack(  301): latency() mLatency = 266, newLatency = 266
05-05 20:35:34.525 D/AudioTrack(  301): latency() mLatency = 266, newLatency = 266
05-05 20:35:34.525 D/StatusBar.NetworkController( 1136): refreshViews: Data not connected!! If data is not in service, set no data type icon
05-05 20:35:34.525 D/StatusBar.NetworkController( 1136): refreshViews: Data not connected!! If data is not in service, set no data type icon
05-05 20:35:34.545 D/AudioTrack(  301): latency() mLatency = 266, newLatency = 266
05-05 20:35:34.565 D/AudioTrack(  301): latency() mLatency = 266, newLatency = 266
05-05 20:35:34.585 D/AudioTrack(  301): latency() mLatency = 266, newLatency = 266
05-05 20:35:34.605 D/AudioTrack(  301): latency() mLatency = 266, newLatency = 266
05-05 20:35:34.625 D/AudioTrack(  301): latency() mLatency = 266, newLatency = 266
05-05 20:35:34.655 D/AudioTrack(  301): latency() mLatency = 266, newLatency = 266
05-05 20:35:34.675 D/AudioTrack(  301): latency() mLatency = 266, newLatency = 266
05-05 20:35:34.695 D/AudioTrack(  301): latency() mLatency = 266, newLatency = 266
05-05 20:35:34.715 D/AudioTrack(  301): latency() mLatency = 266, newLatency = 266
05-05 20:35:34.735 D/AudioTrack(  301): latency() mLatency = 266, newLatency = 266
05-05 20:35:34.755 D/AudioTrack(  301): latency() mLatency = 266, newLatency = 266
05-05 20:35:34.775 D/AudioTrack(  301): latency() mLatency = 266, newLatency = 266
05-05 20:35:34.795 D/AudioTrack(  301): latency() mLatency = 266, newLatency = 266
05-05 20:35:34.825 D/AudioTrack(  301): latency() mLatency = 266, newLatency = 266
05-05 20:35:34.845 D/AudioTrack(  301): latency() mLatency = 266, newLatency = 266
05-05 20:35:34.865 D/AudioTrack(  301): latency() mLatency = 266, newLatency = 266
05-05 20:35:34.885 D/AudioTrack(  301): latency() mLatency = 266, newLatency = 266
05-05 20:35:34.905 D/AudioTrack(  301): latency() mLatency = 266, newLatency = 266
05-05 20:35:34.925 D/AudioTrack(  301): latency() mLatency = 266, newLatency = 266
05-05 20:35:34.945 D/AudioTrack(  301): latency() mLatency = 266, newLatency = 266
05-05 20:35:34.945 D/AudioTrack(  301): latency() mLatency = 266, newLatency = 266
05-05 20:35:35.485 D/AudioHardwareALSAExt(  301): getParameters() voip_flag
05-05 20:35:35.495 D/AudioHardwareALSAExt(  301): getParameters() voip_flag
05-05 20:35:35.505 D/AudioHardwareALSAExt(  301): getParameters() voip_flag
05-05 20:35:35.515 D/AudioHardwareALSAExt(  301): getParameters() voip_flag
05-05 20:35:35.515 D/AudioHardwareALSAExt(  301): getParameters() voip_flag
05-05 20:35:35.525 D/AudioHardwareALSAExt(  301): getParameters() voip_flag
05-05 20:35:35.545 D/AudioHardwareALSAExt(  301): getParameters() voip_flag
05-05 20:35:35.555 D/AudioHardwareALSAExt(  301): getParameters() voip_flag
05-05 20:35:35.555 D/dalvikvm( 2301): GC_CONCURRENT freed 570K, 74% free 3186K/12180K, paused 3ms+2ms, total 18ms
05-05 20:35:35.555 D/dalvikvm( 2301): WAIT_FOR_CONCURRENT_GC blocked 11ms
05-05 20:35:35.555 D/WifiNative-wlan0(  946): doString: SIGNAL_POLL
05-05 20:35:35.565 D/AudioHardwareALSAExt(  301): getParameters() voip_flag
05-05 20:35:35.575 D/AudioHardwareALSAExt(  301): getParameters() voip_flag
05-05 20:35:35.585 D/AudioHardwareALSAExt(  301): getParameters() voip_flag
05-05 20:35:35.595 D/AudioHardwareALSAExt(  301): getParameters() voip_flag
05-05 20:35:35.605 D/AudioHardwareALSAExt(  301): getParameters() voip_flag
05-05 20:35:35.615 D/AudioHardwareALSAExt(  301): getParameters() voip_flag
05-05 20:35:35.625 D/AudioHardwareALSAExt(  301): getParameters() voip_flag
05-05 20:35:35.695 I/Process ( 3601): Sending signal. PID: 3601 SIG: 9
05-05 20:35:35.705 D/AudioHardwareALSAExt(  301): setParameters()
05-05 20:35:35.705 D/AudioEffectALSA(  301): setParameters: routing=2
05-05 20:35:35.705 D/AudioEffectALSA(  301): setParameters: ret = 0
05-05 20:35:35.705 D/ALSAStreamOps(  301): setParameters(): keyRouting with device 0x2
05-05 20:35:35.705 D/ALSAStreamOps(  301): setParameters(): keyRouting with device 0x2
05-05 20:35:35.705 D/AudioHardwareALSA(  301): device = 0x2,mCurDevice 0x2
05-05 20:35:35.705 E/AudioHardwareALSA(  301): int* android_audio_legacy::AudioHardwareALSA::getCallStateForVSID(uint32_t): Invalid vsid:0
05-05 20:35:35.705 E/AudioHardwareALSA(  301): bool android_audio_legacy::AudioHardwareALSA::routeCall(int, int, uint32_t)(): Error, mCurCallState=0x0 is NULL
05-05 20:35:35.705 D/ALSADevice(  301): mInChannels:1
05-05 20:35:35.705 D/ALSADevice(  301): route: devices 0x2 in mode 0
05-05 20:35:35.705 D/ALSADevice(  301): setEndpDevice: device 2
05-05 20:35:35.705 D/ALSADevice(  301): setMixerControl:: name DS1 DAP Endpoint count 1
05-05 20:35:35.705 D/ALSADevice(  301): DMID value: 0
05-05 20:35:35.705 D/ALSADevice(  301): setMixerControl:: name DS1 Security count 1
05-05 20:35:35.705 D/ALSADevice(  301): switchDevice: device 0x2 mode:0
05-05 20:35:35.705 V/ALSADeviceExt(  301): nonCallOutputRouting: 2
05-05 20:35:35.705 V/ALSADeviceExt(  301): Routing to rx=Speaker
05-05 20:35:35.705 V/ALSADeviceExt(  301): nonCallInputRouting: 0
05-05 20:35:35.705 V/ALSADeviceExt(  301): Routing to tx=none
05-05 20:35:35.705 D/alsa_ucm(  301): snd_use_case_set(): uc_mgr 0x42141250 identifier _enadev value Speaker
05-05 20:35:35.705 D/alsa_ucm(  301): Set mixer controls for HiFi Lowlatency enable 1
05-05 20:35:35.705 D/alsa_ucm(  301): Setting mixer control: SLIMBUS_0_RX Audio Mixer MultiMedia5, value: 1
05-05 20:35:35.705 D/alsa_ucm(  301): Set mixer controls for Play Music enable 1
05-05 20:35:35.705 D/alsa_ucm(  301): Setting mixer control: SLIMBUS_0_RX Audio Mixer MultiMedia1, value: 1
05-05 20:35:35.705 V/ALSADeviceExt(  301): sendEffectParam: call
05-05 20:35:35.705 D/AudioEffectALSA(  301): getEffectParam: update flag = 0x0000,
05-05 20:35:35.705 D/AudioEffectALSA(  301): getEffectParam: count = 0
05-05 20:35:35.705 V/ALSADeviceExt(  301): sendEffectParam: list free
05-05 20:35:35.705 D/ALSADevice(  301): switchDevice: mCurTxUCMDevivce Speaker Tx mCurRxDevDevice Speaker
05-05 20:35:35.705 D/AudioHardwareALSA(  301): setVoiceVolume(0.600000)
05-05 20:35:35.705 D/ALSADevice(  301): setVoipVolume: volume 40
05-05 20:35:35.705 D/ALSADevice(  301): setMixerControl:: name Voip Rx Volume value 40 index 0
05-05 20:35:35.735 W/AudioFlinger(  301): session id 42 not found for pid 301
05-05 20:35:35.735 I/WindowState(  946): WIN DEATH: Window{43b79900 u0 com.v2tech/com.v2tech.view.MainActivity}
05-05 20:35:35.735 I/ActivityManager(  946): Process com.v2tech (pid 3601) has died.
05-05 20:35:35.735 W/ActivityManager(  946): Scheduling restart of crashed service com.v2tech/.view.JNIService in 5000ms
05-05 20:35:35.745 W/AudioFlinger(  301): session id 43 not found for pid 301
05-05 20:35:35.845 D/AudioHardwareALSAExt(  301): getParameters() voip_flag
05-05 20:35:35.865 D/AudioHardwareALSAExt(  301): getParameters() voip_flag
05-05 20:35:35.885 D/AudioHardwareALSAExt(  301): getParameters() voip_flag
05-05 20:35:35.925 I/SomcTransmitPowerManager( 1387): getBatteryVoltageLevel(3966)
05-05 20:35:35.925 I/SomcTransmitPowerManager( 1387): BatteryVoltageLevel: 1
05-05 20:35:35.925 D/SomcTransmitPowerManager( 1387): Battery changed with Voltage: 3966 mV
05-05 20:35:35.925 D/SomcTransmitPowerManager( 1387): Old PowerLevel: 6, current PowerLevel: 6
05-05 20:35:36.325 W/QCNEJ   (  946): |CORE| mDefaultApnLinkProp is null
05-05 20:35:36.325 E/Parcel  (  414): Reading a NULL string not supported here.
05-05 20:35:36.325 E/Parcel  (  414): Reading a NULL string not supported here.
05-05 20:35:36.335 D/StatusBar.NetworkController( 1136): refreshViews: Data not connected!! If data is not in service, set no data type icon
05-05 20:35:36.335 D/StatusBar.NetworkController( 1136): refreshViews: Data not connected!! If data is not in service, set no data type icon
05-05 20:35:36.535 D/StatusBar.NetworkController( 1136): refreshViews: Data not connected!! If data is not in service, set no data type icon
05-05 20:35:36.535 D/StatusBar.NetworkController( 1136): refreshViews: Data not connected!! If data is not in service, set no data type icon
05-05 20:35:37.535 D/StatusBar.NetworkController( 1136): refreshViews: Data not connected!! If data is not in service, set no data type icon
05-05 20:35:37.535 D/StatusBar.NetworkController( 1136): refreshViews: Data not connected!! If data is not in service, set no data type icon
05-05 20:35:37.745 W/QCNEJ   (  946): |CORE| mDefaultApnLinkProp is null
05-05 20:35:37.745 E/Parcel  (  414): Reading a NULL string not supported here.
05-05 20:35:37.745 E/Parcel  (  414): Reading a NULL string not supported here.
05-05 20:35:37.745 D/StatusBar.NetworkController( 1136): refreshViews: Data not connected!! If data is not in service, set no data type icon
05-05 20:35:37.745 D/StatusBar.NetworkController( 1136): refreshViews: Data not connected!! If data is not in service, set no data type icon
05-05 20:35:38.465 E/alsa_effect(  301): snd_effect_get: HearingProtection control_name null
05-05 20:35:38.465 E/ALSADeviceExt(  301): getHPAccumulationTime: snd_effect_get failed
05-05 20:35:38.465 D/ALSADeviceExt(  301): removePOPPEffectHandle: Remove alsa handle, usecase Play Music
05-05 20:35:38.465 D/ALSADevice(  301): standby: handle 0x423a61a8 h 0x0
05-05 20:35:38.465 D/ALSADevice(  301): standby handle h 0x49412288
05-05 20:35:38.575 D/WifiNative-wlan0(  946): doString: SIGNAL_POLL
05-05 20:35:38.615 D/alsa_ucm(  301): snd_use_case_set(): uc_mgr 0x42141250 identifier _dismod value Play Music
05-05 20:35:38.615 D/alsa_ucm(  301): Set mixer controls for Play Music enable 0
05-05 20:35:38.615 D/alsa_ucm(  301): Setting mixer control: SLIMBUS_0_RX Audio Mixer MultiMedia1, value: 0
05-05 20:35:38.615 D/ALSADevice(  301): use case is HiFi Lowlatency
05-05 20:35:38.615 D/ALSADevice(  301): usecase_type is 1
05-05 20:35:38.615 D/alsa_ucm(  301): snd_use_case_set(): uc_mgr 0x42141250 identifier _disdev value Speaker Tx
05-05 20:35:38.615 D/alsa_ucm(  301): disdev: device Speaker Tx not enabled, no need to disable
05-05 20:35:38.615 D/AudioHardwareALSA(  301): closeUsbPlaybackIfNothingActive, musbPlaybackState: 0
05-05 20:35:38.615 D/AudioHardwareALSA(  301): getExtOutActiveUseCases_l: mExtOutActiveUseCases = 0
05-05 20:35:38.615 D/AudioUsbALSA(  301): exitPlaybackThread, mproxypfdPlayback: -1
05-05 20:35:38.615 D/AudioUsbALSA(  301): closeDevice handle 0x0
05-05 20:35:38.615 D/AudioUsbALSA(  301): closeDevice handle 0x0
05-05 20:35:38.775 W/ActivityManager(  946): Unable to start service Intent { act=com.google.android.gms.analytics.service.START (has extras) } U=0: not found
05-05 20:35:38.785 W/GAV2    ( 9721): Thread[GAThread,5,main]: Service unavailable (code=1), will retry.
05-05 20:35:38.825 I/GAV2    ( 9721): Thread[GAThread,5,main]: No campaign data found.
05-05 20:35:38.865 D/ALSADeviceExt(  301): getHPAccumulationTime: no need get HP accumulation time
05-05 20:35:38.865 D/ALSADevice(  301): standby: handle 0x423ae9f8 h 0x0
05-05 20:35:38.865 D/ALSADevice(  301): standby handle h 0x44538468
05-05 20:35:38.955 D/alsa_ucm(  301): snd_use_case_set(): uc_mgr 0x42141250 identifier _verb value Inactive
05-05 20:35:38.955 D/alsa_ucm(  301): Set mixer controls for HiFi Lowlatency enable 0
05-05 20:35:38.955 D/alsa_ucm(  301): Setting mixer control: SLIMBUS_0_RX Audio Mixer MultiMedia5, value: 0
05-05 20:35:38.955 D/ALSADevice(  301): usecase_type is 0
05-05 20:35:38.955 D/alsa_ucm(  301): snd_use_case_set(): uc_mgr 0x42141250 identifier _disdev value Speaker Tx
05-05 20:35:38.955 D/alsa_ucm(  301): disdev: device Speaker Tx not enabled, no need to disable
05-05 20:35:38.955 D/alsa_ucm(  301): snd_use_case_set(): uc_mgr 0x42141250 identifier _disdev value Speaker
05-05 20:35:38.955 D/alsa_ucm(  301): Set mixer controls for Speaker enable 0
05-05 20:35:38.955 D/alsa_ucm(  301): Setting mixer control: SLIM RX1 MUX, value: ZERO
05-05 20:35:38.955 D/alsa_ucm(  301): Setting mixer control: SLIM RX2 MUX, value: ZERO
05-05 20:35:38.955 D/alsa_ucm(  301): Setting mixer control: RX7 MIX1 INP1, value: ZERO
05-05 20:35:38.955 D/alsa_ucm(  301): Setting mixer control: RX7 MIX1 INP2, value: ZERO
05-05 20:35:38.955 D/alsa_ucm(  301): Setting mixer control: RX7 Digital Volume, value: 0
05-05 20:35:38.955 D/alsa_ucm(  301): Setting mixer control: SPK DRV Volume, value: 0
05-05 20:35:38.955 D/AudioHardwareALSA(  301): closeUsbPlaybackIfNothingActive, musbPlaybackState: 0
05-05 20:35:38.955 D/AudioHardwareALSA(  301): getExtOutActiveUseCases_l: mExtOutActiveUseCases = 0
05-05 20:35:38.955 D/AudioUsbALSA(  301): exitPlaybackThread, mproxypfdPlayback: -1
05-05 20:35:38.955 D/AudioUsbALSA(  301): closeDevice handle 0x0
05-05 20:35:38.955 D/AudioUsbALSA(  301): closeDevice handle 0x0
05-05 20:35:39.665 D/dalvikvm( 2301): GC_CONCURRENT freed 455K, 75% free 3125K/12180K, paused 2ms+1ms, total 16ms
05-05 20:35:39.705 D/dalvikvm( 2301): GC_CONCURRENT freed 271K, 73% free 3353K/12180K, paused 1ms+1ms, total 22ms
05-05 20:35:39.705 D/dalvikvm( 2301): WAIT_FOR_CONCURRENT_GC blocked 1ms
05-05 20:35:40.555 D/StatusBar.NetworkController( 1136): refreshViews: Data not connected!! If data is not in service, set no data type icon
05-05 20:35:40.555 D/StatusBar.NetworkController( 1136): refreshViews: Data not connected!! If data is not in service, set no data type icon
05-05 20:35:40.755 D/dalvikvm( 9889): Late-enabling CheckJNI
05-05 20:35:40.765 I/ActivityManager(  946): Start proc com.v2tech for service com.v2tech/.view.JNIService: pid=9889 uid=10058 gids={50058, 3003, 1015, 1028}
05-05 20:35:40.845 D/dalvikvm( 9889): Trying to load lib /data/app-lib/com.v2tech-2/libevent.so 0x41c76af8
05-05 20:35:40.845 D/dalvikvm( 9889): Added shared lib /data/app-lib/com.v2tech-2/libevent.so 0x41c76af8
05-05 20:35:40.845 D/dalvikvm( 9889): No JNI_OnLoad found in /data/app-lib/com.v2tech-2/libevent.so 0x41c76af8, skipping init
05-05 20:35:40.845 D/dalvikvm( 9889): Trying to load lib /data/app-lib/com.v2tech-2/libudt.so 0x41c76af8
05-05 20:35:40.845 D/dalvikvm( 9889): Added shared lib /data/app-lib/com.v2tech-2/libudt.so 0x41c76af8
05-05 20:35:40.845 D/dalvikvm( 9889): No JNI_OnLoad found in /data/app-lib/com.v2tech-2/libudt.so 0x41c76af8, skipping init
05-05 20:35:40.845 D/dalvikvm( 9889): Trying to load lib /data/app-lib/com.v2tech-2/libv2vi.so 0x41c76af8
05-05 20:35:40.845 D/dalvikvm( 9889): Added shared lib /data/app-lib/com.v2tech-2/libv2vi.so 0x41c76af8
05-05 20:35:40.845 E/VideoEngine_Onload( 9889): Video device init ok!
05-05 20:35:40.845 D/dalvikvm( 9889): Trying to load lib /data/app-lib/com.v2tech-2/libv2ve.so 0x41c76af8
05-05 20:35:40.845 D/dalvikvm( 9889): Added shared lib /data/app-lib/com.v2tech-2/libv2ve.so 0x41c76af8
05-05 20:35:40.845 I/AudioLib_OnLoad( 9889): audio devices initialized
05-05 20:35:40.845 D/dalvikvm( 9889): Trying to load lib /data/app-lib/com.v2tech-2/libv2client.so 0x41c76af8
05-05 20:35:40.865 D/NOTIFY  ( 9889): FILE = jni/v2platform/Client/V2ClientPlatform/V2ChatController/ChatController.cpp LINE = 14 CChatController this = 0x73fdbdd0
05-05 20:35:40.865 D/NOTIFY  ( 9889): FILE = jni/v2platform/Client/V2ClientPlatform/V2VideoControllerArm/VideoController.cpp LINE = 91 CVideoController this = 0x73fdc058
05-05 20:35:40.865 D/dalvikvm( 9889): Added shared lib /data/app-lib/com.v2tech-2/libv2client.so 0x41c76af8
05-05 20:35:40.865 I/AndroidJniInitialize( 9889): Android JNI_Onload Start !
05-05 20:35:40.865 I/AndroidJniInitialize( 9889): com/V2/jni/ImRequest
05-05 20:35:40.865 I/AndroidJniInitialize( 9889): com/V2/jni/ConfRequest
05-05 20:35:40.865 I/AndroidJniInitialize( 9889): com/V2/jni/VideoRequest
05-05 20:35:40.865 I/AndroidJniInitialize( 9889): com/V2/jni/ChatRequest
05-05 20:35:40.865 I/AndroidJniInitialize( 9889): com/V2/jni/ConfigRequest
05-05 20:35:40.865 I/AndroidJniInitialize( 9889): com/V2/jni/FileRequest
05-05 20:35:40.865 I/AndroidJniInitialize( 9889): com/V2/jni/AppShareRequest
05-05 20:35:40.865 I/AndroidJniInitialize( 9889): com/V2/jni/WBRequest
05-05 20:35:40.865 I/AndroidJniInitialize( 9889): com/V2/jni/AudioRequest
05-05 20:35:40.865 I/AndroidJniInitialize( 9889): com/V2/jni/GroupRequest
05-05 20:35:40.865 I/AndroidJniInitialize( 9889): Android JNI_Onload OK !
05-05 20:35:40.875 E/Android Audio Device java( 9889): InitRecording, sampleRate is 44100
05-05 20:35:40.875 D/AudioHardwareALSA(  301): getInputBufferSize PCM 16 bit = 2048
05-05 20:35:40.875 D/AudioHardwareALSA(  301): getInputBufferSize returns(2048)for:sampleRate(44100)+format(1)+channelCount(1)
05-05 20:35:40.875 D/AudioHardwareALSA(  301): openInputStream: devices 0x400000 format 0x1 channels 16 sampleRate 44100
05-05 20:35:40.875 D/ALSADevice(  301): mInChannels:1
05-05 20:35:40.875 D/ALSADevice(  301): route: devices 0x400000 in mode 0
05-05 20:35:40.875 D/ALSADevice(  301): setEndpDevice: device 4194304
05-05 20:35:40.875 D/ALSADevice(  301): setMixerControl:: name DS1 DAP Endpoint count 1
05-05 20:35:40.875 D/ALSADevice(  301): DMID value: 0
05-05 20:35:40.875 D/ALSADevice(  301): setMixerControl:: name DS1 Security count 1
05-05 20:35:40.875 D/ALSADevice(  301): switchDevice: device 0x400000 mode:0
05-05 20:35:40.875 V/ALSADeviceExt(  301): nonCallOutputRouting: 0
05-05 20:35:40.875 V/ALSADeviceExt(  301): Routing to rx=none
05-05 20:35:40.875 V/ALSADeviceExt(  301): nonCallInputRouting: 400000
05-05 20:35:40.875 V/ALSADeviceExt(  301): Routing to tx=Speaker Tx
05-05 20:35:40.875 D/alsa_ucm(  301): snd_use_case_set(): uc_mgr 0x42141250 identifier _enadev value Speaker Tx
05-05 20:35:40.875 V/ALSADeviceExt(  301): sendEffectParam: call
05-05 20:35:40.875 D/ALSADeviceExt(  301): sendEffectParam: no sound
05-05 20:35:40.875 D/ALSADevice(  301): switchDevice: mCurTxUCMDevivce Speaker Tx mCurRxDevDevice Speaker
05-05 20:35:40.875 D/ALSADevice(  301): switchDevice:use device 400000 for channels:1 usecase:HiFi Rec
05-05 20:35:40.875 D/ALSADevice(  301): SwitchDevice: ec_ref_rx_acdbid:14 ec_dev:Speaker ec_rx_dev:SLIM_RX
05-05 20:35:40.875 D/ALSADevice(  301): setMixerControl:: name EC_REF_RX value SLIM_RX
05-05 20:35:40.875 D/alsa_ucm(  301): snd_use_case_set(): uc_mgr 0x42141250 identifier _verb value HiFi Rec
05-05 20:35:40.875 D/alsa_ucm(  301): Set mixer controls for Speaker Tx enable 1
05-05 20:35:40.875 D/alsa_ucm(  301): acdb_id 11 cap 2 enable 1
05-05 20:35:40.875 D/ACDB-LOADER(  301): ACDB -> send_audio_cal, acdb_id = 11, path =  1
05-05 20:35:40.875 D/ACDB-LOADER(  301): ACDB -> send_adm_topology
05-05 20:35:40.875 D/ACDB-LOADER(  301): ACDB -> ACDB_CMD_GET_AUDPROC_COMMON_TOPOLOGY_ID
05-05 20:35:40.875 D/ACDB-LOADER(  301): ACDB -> send_audtable
05-05 20:35:40.875 D/ACDB-LOADER(  301): ACDB -> ACDB_CMD_GET_AUDPROC_COMMON_TABLE
05-05 20:35:40.875 D/ACDB-LOADER(  301): ACDB -> AUDIO_SET_AUDPROC_CAL
05-05 20:35:40.875 D/ACDB-LOADER(  301): ACDB -> send_audvoltable
05-05 20:35:40.875 D/ACDB-LOADER(  301): ACDB -> ACDB_CMD_GET_AUDPROC_GAIN_DEP_STEP_TABLE
05-05 20:35:40.875 D/        (  301): Failed to fetch the lookup information of the device 0000000B 
05-05 20:35:40.875 E/ACDB-LOADER(  301): Error: ACDB AudProc vol returned = -19
05-05 20:35:40.875 D/ACDB-LOADER(  301): ACDB -> AUDIO_SET_AUDPROC_VOL_CAL
05-05 20:35:40.875 D/ACDB-LOADER(  301): ACDB -> AUDIO_SET_AFE_CAL
05-05 20:35:40.875 D/alsa_ucm(  301): Setting mixer control: AIF1_CAP Mixer SLIM TX7, value: 1
05-05 20:35:40.875 D/alsa_ucm(  301): Setting mixer control: SLIM_0_TX Channels, value: One
05-05 20:35:40.875 D/alsa_ucm(  301): Setting mixer control: SLIM TX7 MUX, value: DEC2
05-05 20:35:40.875 D/alsa_ucm(  301): Setting mixer control: DEC2 MUX, value: ADC5
05-05 20:35:40.875 D/alsa_ucm(  301): Setting mixer control: DEC2 Volume, value: 66
05-05 20:35:40.875 D/alsa_ucm(  301): Setting mixer control: ADC5 Volume, value: 63
05-05 20:35:40.875 D/alsa_ucm(  301): Set mixer controls for HiFi Rec enable 1
05-05 20:35:40.875 D/alsa_ucm(  301): Setting mixer control: MultiMedia1 Mixer SLIM_0_TX, value: 1
05-05 20:35:40.875 D/AudioHardwareALSA(  301): OpenInputStream: getInputBufferSize sampleRate:44100 format:1, channels:1
05-05 20:35:40.875 D/AudioHardwareALSA(  301): getInputBufferSize PCM 16 bit = 2048
05-05 20:35:40.875 D/AudioHardwareALSA(  301): getInputBufferSize returns(2048)for:sampleRate(44100)+format(1)+channelCount(1)
05-05 20:35:40.875 D/ALSADevice(  301): close: handle 0x44b2b6a0 h 0x0
05-05 20:35:40.875 D/ALSADevice(  301): open: handle 0x44b2b6a0, format 0x2
05-05 20:35:40.875 D/ALSADevice(  301): Device value returned is hw:0,0
05-05 20:35:40.875 D/ALSADevice(  301): flags 11000000, devName hw:0,0
05-05 20:35:40.875 D/ALSADevice(  301): handle->format: 0x2
05-05 20:35:40.875 D/ALSADevice(  301): setHardwareParams: reqBuffSize 2048 channels 1 sampleRate 44100
05-05 20:35:40.885 D/ALSADevice(  301): setHardwareParams: buffer_size 32768, period_size 2048, period_cnt 16
05-05 20:35:40.885 D/AudioHardwareALSAExt(  301): getParameters() voip_flag
05-05 20:35:40.885 D/AudioHardwareALSA(  301): getInputBufferSize PCM 16 bit = 2048
05-05 20:35:40.885 D/AudioHardwareALSA(  301): getInputBufferSize returns(2048)for:sampleRate(44100)+format(1)+channelCount(1)
05-05 20:35:40.885 D/AudioStreamInALSA(  301): standby
05-05 20:35:40.885 D/AudioStreamInALSA(  301): standby
05-05 20:35:40.885 D/AudioStreamInALSA(  301): Checking for musbRecordingState 0
05-05 20:35:40.885 D/AudioHardwareALSA(  301): closeUsbRecordingIfNothingActive, musbRecordingState: 0
05-05 20:35:40.885 D/AudioHardwareALSA(  301): Closing USB Recording Session as no stream is active
05-05 20:35:40.885 D/AudioUsbALSA(  301): exitRecordingThread
05-05 20:35:40.885 D/AudioUsbALSA(  301): write to fd
05-05 20:35:40.885 E/Android Audio Device java( 9889): StopRecording
05-05 20:35:40.885 D/AudioUsbALSA(  301): closeDevice handle 0x0
05-05 20:35:40.885 D/AudioUsbALSA(  301): closeDevice handle 0x0
05-05 20:35:40.885 D/ALSADevice(  301): standby: handle 0x44b2b6a0 h 0x0
05-05 20:35:40.885 D/ALSADevice(  301): standby handle h 0x4422eb68
05-05 20:35:40.885 E/Android Audio Device java( 9889): InitPlayback, sampleRate is 44100
05-05 20:35:40.885 D/alsa_ucm(  301): snd_use_case_set(): uc_mgr 0x42141250 identifier _verb value Inactive
05-05 20:35:40.885 D/alsa_ucm(  301): Set mixer controls for HiFi Rec enable 0
05-05 20:35:40.885 D/alsa_ucm(  301): Setting mixer control: MultiMedia1 Mixer SLIM_0_TX, value: 0
05-05 20:35:40.885 D/ALSADevice(  301): usecase_type is 0
05-05 20:35:40.885 D/alsa_ucm(  301): snd_use_case_set(): uc_mgr 0x42141250 identifier _disdev value Speaker Tx
05-05 20:35:40.885 D/alsa_ucm(  301): Set mixer controls for Speaker Tx enable 0
05-05 20:35:40.885 D/alsa_ucm(  301): Setting mixer control: AIF1_CAP Mixer SLIM TX7, value: 0
05-05 20:35:40.885 D/alsa_ucm(  301): Setting mixer control: SLIM TX7 MUX, value: ZERO
05-05 20:35:40.885 D/alsa_ucm(  301): Setting mixer control: DEC2 MUX, value: ZERO
05-05 20:35:40.885 D/alsa_ucm(  301): Setting mixer control: DEC2 Volume, value: 0
05-05 20:35:40.885 D/alsa_ucm(  301): Setting mixer control: ADC5 Volume, value: 0
05-05 20:35:40.885 D/alsa_ucm(  301): snd_use_case_set(): uc_mgr 0x42141250 identifier _disdev value Speaker
05-05 20:35:40.885 D/alsa_ucm(  301): disdev: device Speaker not enabled, no need to disable
05-05 20:35:40.885 D/AudioStreamInALSA(  301): standby
05-05 20:35:40.885 D/AudioStreamInALSA(  301): standby
05-05 20:35:40.885 D/AudioStreamInALSA(  301): Checking for musbRecordingState 0
05-05 20:35:40.885 D/AudioHardwareALSA(  301): closeUsbRecordingIfNothingActive, musbRecordingState: 0
05-05 20:35:40.885 D/AudioHardwareALSA(  301): Closing USB Recording Session as no stream is active
05-05 20:35:40.885 D/AudioUsbALSA(  301): exitRecordingThread
05-05 20:35:40.885 D/AudioUsbALSA(  301): write to fd
05-05 20:35:40.885 D/AudioUsbALSA(  301): closeDevice handle 0x0
