05-05 20:35:44.915 D/AwesomePlayer(  301): Normal Audio Playback
05-05 20:35:44.915 D/AwesomePlayer(  301): Set Audio Track as Audio Source
05-05 20:35:44.915 W/AwesomePlayer(  301): Trying to create tunnel player mIsTunnelAudio 0,                         LPAPlayer::objectsAlive 0,                         TunnelPlayer::mTunnelObjectsAlive = 0,                        (mAudioPlayer == NULL) 1
05-05 20:35:44.915 E/AwesomePlayer(  301): LPAPlayer::Clip duration setting of less than 30sec not supported, defaulting to 60sec
05-05 20:35:44.985 D/AudioHardwareALSAExt(  301): getParameters() voip_flag
05-05 20:35:45.005 D/AudioHardwareALSAExt(  301): getParameters() voip_flag
05-05 20:35:45.025 D/AudioHardwareALSAExt(  301): getParameters() voip_flag
05-05 20:35:45.115 W/lights-worker(  323): _schedule_work: 'bl_update' already scheduled
05-05 20:35:45.725 W/lights-worker(  323): _schedule_work: 'bl_update' already scheduled
05-05 20:35:45.825 D/SizeAdaptiveLayout( 1136): com.android.internal.widget.SizeAdaptiveLayout{422fd7b8 V.E..... ......I. 0,0-0,0 #7f08008b app:id/adaptive}child view android.widget.FrameLayout{42b94a40 G.E..... ......I. 0,0-0,0 #1020337 android:id/status_bar_latest_event_content} measured out of bounds at 189px clamped to 192px
05-05 20:35:45.835 D/SizeAdaptiveLayout( 1136): com.android.internal.widget.SizeAdaptiveLayout{41cedcd0 V.E..... ......I. 0,0-0,0 #7f08008b app:id/adaptive}child view android.widget.FrameLayout{41d023d0 G.E..... ......I. 0,0-0,0 #1020337 android:id/status_bar_latest_event_content} measured out of bounds at 189px clamped to 192px
05-05 20:35:45.835 D/SizeAdaptiveLayout( 1136): com.android.internal.widget.SizeAdaptiveLayout{445b75e8 V.E..... ......I. 0,0-0,0 #7f08008b app:id/adaptive}child view android.widget.FrameLayout{446bc2e0 G.E..... ......I. 0,0-0,0 #1020337 android:id/status_bar_latest_event_content} measured out of bounds at 189px clamped to 192px
05-05 20:35:45.835 D/SizeAdaptiveLayout( 1136): com.android.internal.widget.SizeAdaptiveLayout{445ab1f8 V.E..... ......I. 0,0-0,0 #7f08008b app:id/adaptive}child view android.widget.FrameLayout{4244c588 G.E..... ......I. 0,0-0,0 #1020337 android:id/status_bar_latest_event_content} measured out of bounds at 189px clamped to 192px
05-05 20:35:45.875 I/dalvikvm( 1136): Jit: resizing JitTable from 4096 to 8192
05-05 20:35:45.885 D/SizeAdaptiveLayout( 1136): com.android.internal.widget.SizeAdaptiveLayout{422fd7b8 V.E..... ......I. 0,0-0,0 #7f08008b app:id/adaptive}child view android.widget.FrameLayout{42b94a40 G.E..... ......I. 0,0-0,0 #1020337 android:id/status_bar_latest_event_content} measured out of bounds at 189px clamped to 192px
05-05 20:35:45.885 D/SizeAdaptiveLayout( 1136): com.android.internal.widget.SizeAdaptiveLayout{41cedcd0 V.E..... ......I. 0,0-0,0 #7f08008b app:id/adaptive}child view android.widget.FrameLayout{41d023d0 G.E..... ......I. 0,0-0,0 #1020337 android:id/status_bar_latest_event_content} measured out of bounds at 189px clamped to 192px
05-05 20:35:45.885 D/SizeAdaptiveLayout( 1136): com.android.internal.widget.SizeAdaptiveLayout{445b75e8 V.E..... ......I. 0,0-0,0 #7f08008b app:id/adaptive}child view android.widget.FrameLayout{446bc2e0 G.E..... ......I. 0,0-0,0 #1020337 android:id/status_bar_latest_event_content} measured out of bounds at 189px clamped to 192px
05-05 20:35:45.885 D/SizeAdaptiveLayout( 1136): com.android.internal.widget.SizeAdaptiveLayout{445ab1f8 V.E..... ......I. 0,0-0,0 #7f08008b app:id/adaptive}child view android.widget.FrameLayout{4244c588 G.E..... ......I. 0,0-0,0 #1020337 android:id/status_bar_latest_event_content} measured out of bounds at 189px clamped to 192px
05-05 20:35:45.915 W/lights-worker(  323): _schedule_work: 'bl_update' already scheduled
05-05 20:35:46.525 W/lights-worker(  323): _schedule_work: 'bl_update' already scheduled
05-05 20:35:46.725 W/lights-worker(  323): _schedule_work: 'bl_update' already scheduled
05-05 20:35:47.125 W/lights-worker(  323): _schedule_work: 'bl_update' already scheduled
05-05 20:35:47.415 W/QCNEJ   (  946): |CORE| mDefaultApnLinkProp is null
05-05 20:35:47.425 E/Parcel  (  414): Reading a NULL string not supported here.
05-05 20:35:47.425 E/Parcel  (  414): Reading a NULL string not supported here.
05-05 20:35:47.435 D/StatusBar.NetworkController( 1136): refreshViews: Data not connected!! If data is not in service, set no data type icon
05-05 20:35:47.435 D/StatusBar.NetworkController( 1136): refreshViews: Data not connected!! If data is not in service, set no data type icon
05-05 20:35:47.635 D/WifiNative-wlan0(  946): doString: SIGNAL_POLL
05-05 20:35:47.655 D/StatusBar.NetworkController( 1136): refreshViews: Data not connected!! If data is not in service, set no data type icon
05-05 20:35:47.655 D/StatusBar.NetworkController( 1136): refreshViews: Data not connected!! If data is not in service, set no data type icon
05-05 20:35:47.735 W/InputMethodManagerService(  946): Window already focused, ignoring focus gain of: com.android.internal.view.IInputMethodClient$Stub$Proxy@4320fa18 attribute=null, token = android.os.BinderProxy@420efdc0
05-05 20:35:47.885 D/dalvikvm( 2301): GC_FOR_ALLOC freed 471K, 74% free 3174K/12180K, paused 10ms, total 11ms
05-05 20:35:47.885 I/dalvikvm-heap( 2301): Grow heap (frag case) to 5.002MB for 1048592-byte allocation
05-05 20:35:47.915 D/dalvikvm( 2301): GC_CONCURRENT freed 1K, 66% free 4196K/12180K, paused 2ms+6ms, total 23ms
05-05 20:35:47.925 D/dalvikvm( 2301): GC_FOR_ALLOC freed 32K, 66% free 4164K/12180K, paused 11ms, total 11ms
05-05 20:35:47.925 I/dalvikvm-heap( 2301): Grow heap (frag case) to 5.969MB for 1048592-byte allocation
05-05 20:35:47.935 D/dalvikvm( 2301): GC_CONCURRENT freed 1102K, 66% free 4176K/12180K, paused 2ms+1ms, total 13ms
05-05 20:35:48.015 D/ALSADeviceExt(  301): getHPAccumulationTime: no need get HP accumulation time
05-05 20:35:48.015 D/ALSADevice(  301): standby: handle 0x423ae9f8 h 0x0
05-05 20:35:48.015 D/ALSADevice(  301): standby handle h 0x44b73b28
05-05 20:35:48.055 W/QCNEJ   (  946): |CORE| mDefaultApnLinkProp is null
05-05 20:35:48.065 E/Parcel  (  414): Reading a NULL string not supported here.
05-05 20:35:48.065 E/Parcel  (  414): Reading a NULL string not supported here.
05-05 20:35:48.065 D/StatusBar.NetworkController( 1136): refreshViews: Data not connected!! If data is not in service, set no data type icon
05-05 20:35:48.065 D/StatusBar.NetworkController( 1136): refreshViews: Data not connected!! If data is not in service, set no data type icon
05-05 20:35:48.095 D/alsa_ucm(  301): snd_use_case_set(): uc_mgr 0x42141250 identifier _verb value Inactive
05-05 20:35:48.095 D/alsa_ucm(  301): Set mixer controls for HiFi Lowlatency enable 0
05-05 20:35:48.095 D/alsa_ucm(  301): Setting mixer control: SLIMBUS_0_RX Audio Mixer MultiMedia5, value: 0
05-05 20:35:48.095 D/ALSADevice(  301): usecase_type is 0
05-05 20:35:48.095 D/alsa_ucm(  301): snd_use_case_set(): uc_mgr 0x42141250 identifier _disdev value Speaker Tx
05-05 20:35:48.095 D/alsa_ucm(  301): disdev: device Speaker Tx not enabled, no need to disable
05-05 20:35:48.095 D/alsa_ucm(  301): snd_use_case_set(): uc_mgr 0x42141250 identifier _disdev value Speaker
05-05 20:35:48.095 D/alsa_ucm(  301): Set mixer controls for Speaker enable 0
05-05 20:35:48.095 D/alsa_ucm(  301): Setting mixer control: SLIM RX1 MUX, value: ZERO
05-05 20:35:48.095 D/alsa_ucm(  301): Setting mixer control: SLIM RX2 MUX, value: ZERO
05-05 20:35:48.095 D/alsa_ucm(  301): Setting mixer control: RX7 MIX1 INP1, value: ZERO
05-05 20:35:48.105 D/alsa_ucm(  301): Setting mixer control: RX7 MIX1 INP2, value: ZERO
05-05 20:35:48.105 D/alsa_ucm(  301): Setting mixer control: RX7 Digital Volume, value: 0
05-05 20:35:48.105 D/alsa_ucm(  301): Setting mixer control: SPK DRV Volume, value: 0
05-05 20:35:48.105 D/AudioHardwareALSA(  301): closeUsbPlaybackIfNothingActive, musbPlaybackState: 0
05-05 20:35:48.105 D/AudioHardwareALSA(  301): getExtOutActiveUseCases_l: mExtOutActiveUseCases = 0
05-05 20:35:48.105 D/AudioUsbALSA(  301): exitPlaybackThread, mproxypfdPlayback: -1
05-05 20:35:48.105 D/AudioUsbALSA(  301): closeDevice handle 0x0
05-05 20:35:48.105 D/AudioUsbALSA(  301): closeDevice handle 0x0
05-05 20:35:50.455 W/QCNEJ   (  946): |CORE| mDefaultApnLinkProp is null
05-05 20:35:50.455 E/Parcel  (  414): Reading a NULL string not supported here.
05-05 20:35:50.455 E/Parcel  (  414): Reading a NULL string not supported here.
05-05 20:35:50.465 D/StatusBar.NetworkController( 1136): refreshViews: Data not connected!! If data is not in service, set no data type icon
05-05 20:35:50.465 D/StatusBar.NetworkController( 1136): refreshViews: Data not connected!! If data is not in service, set no data type icon
05-05 20:35:50.645 D/WifiNative-wlan0(  946): doString: SIGNAL_POLL
05-05 20:35:50.675 D/StatusBar.NetworkController( 1136): refreshViews: Data not connected!! If data is not in service, set no data type icon
05-05 20:35:50.675 D/StatusBar.NetworkController( 1136): refreshViews: Data not connected!! If data is not in service, set no data type icon
05-05 20:35:52.015 D/dalvikvm( 2301): GC_CONCURRENT freed 1374K, 74% free 3286K/12180K, paused 2ms+2ms, total 26ms
05-05 20:35:52.015 D/dalvikvm( 2301): WAIT_FOR_CONCURRENT_GC blocked 3ms
05-05 20:35:53.595 D/StatusBar.NetworkController( 1136): refreshViews: Data not connected!! If data is not in service, set no data type icon
05-05 20:35:53.605 D/StatusBar.NetworkController( 1136): refreshViews: Data not connected!! If data is not in service, set no data type icon
05-05 20:35:53.685 D/WifiNative-wlan0(  946): doString: SIGNAL_POLL
