--------- beginning of /dev/log/system
05-05 20:21:04.676 D/QcConnectivityService(  946): handleConnectivityChange: changed linkProperty[1]: doReset=true resetMask=3
05-05 20:21:04.676 D/QcConnectivityService(  946):   curLp=InterfaceName: wlan0 Protocol: [null] LinkAddresses: [172.18.0.181/20,] Routes: [0.0.0.0/0 -> 172.18.0.1,] DnsAddresses: [202.106.196.115,8.8.8.8,] HttpProxy: [ProxyProperties.mHost == null] 
05-05 20:21:04.676 D/QcConnectivityService(  946):   newLp= null
05-05 20:21:04.686 D/QcConnectivityService(  946): not removing 172.18.0.1/32 -> 0.0.0.0 as it's still in use
05-05 20:21:04.686 D/QcConnectivityService(  946): Removing 0.0.0.0/0 -> 172.18.0.1 for interface wlan0
05-05 20:21:04.726 E/QcConnectivityService(  946): Exception trying to remove a route: java.lang.IllegalStateException: command '31 interface route remove wlan0 default 0.0.0.0 0 172.18.0.1' failed with '400 31 Failed to remove route from default table (No such process)'
05-05 20:21:04.746 D/QcConnectivityService(  946): Removing src route for:172.18.0.181
05-05 20:21:04.986 D/QcConnectivityService(  946): not removing 172.18.0.1/32 -> 0.0.0.0 as it's still in use
05-05 20:21:04.986 D/QcConnectivityService(  946): Removing 202.106.196.115/32 -> 172.18.0.1 for interface wlan0
05-05 20:21:05.006 E/QcConnectivityService(  946): Exception trying to remove a route: java.lang.IllegalStateException: command '33 interface route remove wlan0 default 202.106.196.115 32 172.18.0.1' failed with '400 33 Failed to remove route from default table (No such process)'
05-05 20:21:05.006 D/StatusBar.NetworkController( 1136): refreshViews: Data not connected!! If data is not in service, set no data type icon
05-05 20:21:05.006 D/QcConnectivityService(  946): Removing 172.18.0.1/32 -> 0.0.0.0 for interface wlan0
05-05 20:21:05.056 D/StatusBar.NetworkController( 1136): refreshViews: Data not connected!! If data is not in service, set no data type icon
05-05 20:21:05.076 E/QcConnectivityService(  946): Exception trying to remove a route: java.lang.IllegalStateException: command '34 interface route remove wlan0 default 172.18.0.1 32 0.0.0.0' failed with '400 34 Failed to remove route from default table (No such process)'
05-05 20:21:05.086 D/QcConnectivityService(  946): Removing 8.8.8.8/32 -> 172.18.0.1 for interface wlan0
05-05 20:21:05.116 E/QcConnectivityService(  946): Exception trying to remove a route: java.lang.IllegalStateException: command '35 interface route remove wlan0 default 8.8.8.8 32 172.18.0.1' failed with '400 35 Failed to remove route from default table (No such process)'
05-05 20:21:05.116 D/QcConnectivityService(  946): resetConnections(wlan0, 3)
05-05 20:21:05.196 I/ActivityManager(  946): Start proc com.sonyericsson.tetherentitlementcheck for broadcast com.sonyericsson.tetherentitlementcheck/.TetheringMobileStateReceiver: pid=8287 uid=10155 gids={50155, 3002, 1028}
05-05 20:21:05.196 W/BackupManagerService(  946): dataChanged but no participant pkg='com.android.providers.settings' uid=10221
05-05 20:21:05.236 I/ActivityManager(  946): No longer want com.sonyericsson.retaildemo (pid 3128): empty #34
05-05 20:21:05.246 W/ContextImpl( 1726): Calling a method in the system process without a qualified user: android.app.ContextImpl.startService:1396 android.content.ContextWrapper.startService:450 android.content.ContextWrapper.startService:450 com.sonyericsson.usbux.service.UsbServiceReceiver.onReceive:58 android.app.ActivityThread.handleReceiver:2429 
05-05 20:21:05.246 I/ActivityManager(  946): Start proc com.nd.assistance for broadcast com.nd.assistance/.receiver.WifiStateChangeReceiver: pid=8306 uid=10220 gids={50220, 3003, 1015, 1028}
05-05 20:21:05.256 D/QcConnectivityService(  946): resetting DNS cache for wlan0
05-05 20:21:05.256 D/QcConnectivityService(  946): sendStickyBroadcast: action=android.net.conn.CONNECTIVITY_CHANGE_IMMEDIATE
05-05 20:21:05.256 D/QcConnectivityService(  946): sendStickyBroadcastDelayed: delayMs=3000, action=android.net.conn.CONNECTIVITY_CHANGE
05-05 20:21:05.266 D/QcConnectivityService(  946): Actual State: DefaultConnectivityState, Current State: DefaultConnectivityState.processMessage what=5011
05-05 20:21:05.266 D/QcConnectivityService(  946): Actual State: DefaultConnectivityState, Current State: DefaultConnectivityState.processMessage what=1
05-05 20:21:05.266 D/QcConnectivityService(  946): ConnectivityChange for WIFI: DISCONNECTED/DISCONNECTED
05-05 20:21:05.266 D/QcConnectivityService(  946): Actual State: DefaultConnectivityState, Current State: DefaultConnectivityState.processMessage what=5002
05-05 20:21:05.266 D/QcConnectivityService(  946): Attempting to switch to mobile
05-05 20:21:05.266 D/QcConnectivityService(  946): Attempting to switch to BLUETOOTH_TETHER
05-05 20:21:05.266 D/QcConnectivityService(  946): handleConnectivityChange: changed linkProperty[1]: doReset=true resetMask=3
05-05 20:21:05.266 D/QcConnectivityService(  946):   curLp=null
05-05 20:21:05.266 D/QcConnectivityService(  946):   newLp= null
05-05 20:21:05.266 D/QcConnectivityService(  946): resetConnections(wlan0, 3)
05-05 20:21:05.316 I/ActivityManager(  946): No longer want com.mobisystems.fileman.sonychina (pid 3225): empty #34
05-05 20:21:05.336 D/QcConnectivityService(  946): sendStickyBroadcast: action=android.net.conn.CONNECTIVITY_CHANGE_IMMEDIATE
05-05 20:21:05.336 D/QcConnectivityService(  946): sendStickyBroadcastDelayed: delayMs=3000, action=android.net.conn.CONNECTIVITY_CHANGE
05-05 20:21:05.336 D/QcConnectivityService(  946): Actual State: DefaultConnectivityState, Current State: DefaultConnectivityState.processMessage what=113
05-05 20:21:05.336 D/QcConnectivityService(  946): Actual State: DefaultConnectivityState, Current State: DefaultConnectivityState.processMessage what=113
05-05 20:21:05.346 D/QcConnectivityService(  946): Actual State: DefaultConnectivityState, Current State: DefaultConnectivityState.processMessage what=113
05-05 20:21:05.356 D/QcConnectivityService(  946): Actual State: DefaultConnectivityState, Current State: DefaultConnectivityState.processMessage what=1
05-05 20:21:05.356 D/QcConnectivityService(  946): ConnectivityChange for mobile: CONNECTING/CONNECTING
05-05 20:21:05.356 D/QcConnectivityService(  946): Actual State: DefaultConnectivityState, Current State: DefaultConnectivityState.processMessage what=113
05-05 20:21:05.356 D/QcConnectivityService(  946): Actual State: DefaultConnectivityState, Current State: DefaultConnectivityState.processMessage what=113
05-05 20:21:05.356 D/QcConnectivityService(  946): Actual State: DefaultConnectivityState, Current State: DefaultConnectivityState.processMessage what=113
05-05 20:21:05.356 D/QcConnectivityService(  946): Actual State: DefaultConnectivityState, Current State: DefaultConnectivityState.processMessage what=113
05-05 20:21:05.356 D/QcConnectivityService(  946): Actual State: DefaultConnectivityState, Current State: DefaultConnectivityState.processMessage what=113
05-05 20:21:05.356 D/QcConnectivityService(  946): Actual State: DefaultConnectivityState, Current State: DefaultConnectivityState.processMessage what=113
05-05 20:21:05.356 D/QcConnectivityService(  946): Actual State: DefaultConnectivityState, Current State: DefaultConnectivityState.processMessage what=113
05-05 20:21:05.356 D/QcConnectivityService(  946): Actual State: DefaultConnectivityState, Current State: DefaultConnectivityState.processMessage what=113
05-05 20:21:05.356 D/QcConnectivityService(  946): Actual State: DefaultConnectivityState, Current State: DefaultConnectivityState.processMessage what=113
05-05 20:21:05.366 D/QcConnectivityService(  946): Actual State: DefaultConnectivityState, Current State: DefaultConnectivityState.processMessage what=113
05-05 20:21:05.366 D/QcConnectivityService(  946): Actual State: DefaultConnectivityState, Current State: DefaultConnectivityState.processMessage what=113
05-05 20:21:05.366 D/QcConnectivityService(  946): Actual State: DefaultConnectivityState, Current State: DefaultConnectivityState.processMessage what=113
05-05 20:21:05.816 D/QcConnectivityService(  946): Actual State: DefaultConnectivityState, Current State: DefaultConnectivityState.processMessage what=1
05-05 20:21:05.816 D/QcConnectivityService(  946): ConnectivityChange for WIFI: CONNECTING/OBTAINING_IPADDR
05-05 20:21:05.816 D/QcConnectivityService(  946): Actual State: DefaultConnectivityState, Current State: DefaultConnectivityState.processMessage what=1
05-05 20:21:05.816 D/QcConnectivityService(  946): ConnectivityChange for WIFI: CONNECTING/OBTAINING_IPADDR
05-05 20:21:05.816 D/StatusBar.NetworkController( 1136): refreshViews: Data not connected!! If data is not in service, set no data type icon
05-05 20:21:05.816 D/StatusBar.NetworkController( 1136): refreshViews: Data not connected!! If data is not in service, set no data type icon
05-05 20:21:05.836 D/QcConnectivityService(  946): Actual State: DefaultConnectivityState, Current State: DefaultConnectivityState.processMessage what=113
05-05 20:21:05.836 D/QcConnectivityService(  946): Actual State: DefaultConnectivityState, Current State: DefaultConnectivityState.processMessage what=113
05-05 20:21:05.836 D/QcConnectivityService(  946): Actual State: DefaultConnectivityState, Current State: DefaultConnectivityState.processMessage what=113
05-05 20:21:05.866 W/ContextImpl( 1726): Calling a method in the system process without a qualified user: android.app.ContextImpl.startService:1396 android.content.ContextWrapper.startService:450 android.content.ContextWrapper.startService:450 com.sonyericsson.usbux.service.UsbServiceReceiver.onReceive:58 android.app.ActivityThread.handleReceiver:2429 
05-05 20:21:07.736 D/StatusBar.NetworkController( 1136): refreshViews: Data not connected!! If data is not in service, set no data type icon
05-05 20:21:07.736 D/StatusBar.NetworkController( 1136): refreshViews: Data not connected!! If data is not in service, set no data type icon
05-05 20:21:08.286 D/QcConnectivityService(  946): Actual State: DefaultConnectivityState, Current State: DefaultConnectivityState.processMessage what=112
05-05 20:21:08.286 D/QcConnectivityService(  946): sendStickyBroadcast: action=android.net.conn.CONNECTIVITY_CHANGE
05-05 20:21:08.346 D/StatusBar.NetworkController( 1136): refreshViews: Data not connected!! If data is not in service, set no data type icon
05-05 20:21:08.396 D/StatusBar.NetworkController( 1136): refreshViews: Data not connected!! If data is not in service, set no data type icon
05-05 20:21:08.406 D/QcConnectivityService(  946): Actual State: DefaultConnectivityState, Current State: DefaultConnectivityState.processMessage what=112
05-05 20:21:08.426 D/QcConnectivityService(  946): sendStickyBroadcast: action=android.net.conn.CONNECTIVITY_CHANGE
05-05 20:21:08.926 W/ProcessStats(  946): Skipping unknown process pid 8390
05-05 20:21:08.956 D/StatusBar.NetworkController( 1136): refreshViews: Data not connected!! If data is not in service, set no data type icon
05-05 20:21:09.006 D/StatusBar.NetworkController( 1136): refreshViews: Data not connected!! If data is not in service, set no data type icon
05-05 20:21:09.056 D/QcConnectivityService(  946): Actual State: DefaultConnectivityState, Current State: DefaultConnectivityState.processMessage what=1
05-05 20:21:09.056 D/QcConnectivityService(  946): ConnectivityChange for mobile: CONNECTED/CONNECTED
05-05 20:21:09.056 D/QcConnectivityService(  946): Actual State: DefaultConnectivityState, Current State: DefaultConnectivityState.processMessage what=5001
05-05 20:21:09.056 D/QcConnectivityService(  946): Setting TCP values: [4094,87380,110208,4096,16384,110208] which comes from [net.tcp.buffersize.umts]
05-05 20:21:09.056 D/QcConnectivityService(  946): adding dns 221.130.33.60 for mobile
05-05 20:21:09.056 D/QcConnectivityService(  946): adding dns 221.130.33.52 for mobile
05-05 20:21:09.066 D/QcConnectivityService(  946): handleConnectivityChange: changed linkProperty[0]: doReset=false resetMask=0
05-05 20:21:09.066 D/QcConnectivityService(  946):    curLp=null
05-05 20:21:09.066 D/QcConnectivityService(  946):    newLp=InterfaceName: rmnet0 Protocol: [IPV4V6] LinkAddresses: [10.42.220.57/30,] Routes: [0.0.0.0/0 -> 10.42.220.58,] DnsAddresses: [221.130.33.60,221.130.33.52,] 
05-05 20:21:09.066 D/QcConnectivityService(  946): Adding 10.42.220.58/32 -> 0.0.0.0 for interface rmnet0
05-05 20:21:09.066 D/QcConnectivityService(  946): Adding 0.0.0.0/0 -> 10.42.220.58 for interface rmnet0
05-05 20:21:09.186 D/QcConnectivityService(  946): Adding 10.42.220.58/32 -> 0.0.0.0 for interface rmnet0
05-05 20:21:09.186 D/QcConnectivityService(  946): Adding 221.130.33.60/32 -> 10.42.220.58 for interface rmnet0
05-05 20:21:09.186 D/QcConnectivityService(  946): Adding 10.42.220.58/32 -> 0.0.0.0 for interface rmnet0
05-05 20:21:09.186 D/QcConnectivityService(  946): Adding 221.130.33.52/32 -> 10.42.220.58 for interface rmnet0
05-05 20:21:09.196 D/QcConnectivityService(  946): resetting DNS cache for rmnet0
05-05 20:21:09.196 D/QcConnectivityService(  946): sendStickyBroadcast: action=android.net.conn.CONNECTIVITY_CHANGE_IMMEDIATE
05-05 20:21:09.196 D/QcConnectivityService(  946): sendStickyBroadcastDelayed: delayMs=3000, action=android.net.conn.CONNECTIVITY_CHANGE
05-05 20:21:09.206 D/QcConnectivityService(  946): Actual State: DefaultConnectivityState, Current State: DefaultConnectivityState.processMessage what=113
05-05 20:21:09.206 D/QcConnectivityService(  946): Actual State: DefaultConnectivityState, Current State: DefaultConnectivityState.processMessage what=113
05-05 20:21:09.206 D/QcConnectivityService(  946): Actual State: DefaultConnectivityState, Current State: DefaultConnectivityState.processMessage what=113
05-05 20:21:09.326 D/QcConnectivityService(  946): Actual State: DefaultConnectivityState, Current State: DefaultConnectivityState.processMessage what=113
05-05 20:21:09.326 D/QcConnectivityService(  946): Actual State: DefaultConnectivityState, Current State: DefaultConnectivityState.processMessage what=113
05-05 20:21:09.326 D/QcConnectivityService(  946): Actual State: DefaultConnectivityState, Current State: DefaultConnectivityState.processMessage what=113
05-05 20:21:10.056 D/QcConnectivityService(  946): Actual State: DefaultConnectivityState, Current State: DefaultConnectivityState.processMessage what=108
05-05 20:21:10.056 D/QcConnectivityService(  946): NetTransition Wakelock for WifiStateMachine released by timeout
05-05 20:21:10.356 D/QcConnectivityService(  946): Actual State: DefaultConnectivityState, Current State: DefaultConnectivityState.processMessage what=1
05-05 20:21:10.356 D/QcConnectivityService(  946): ConnectivityChange for WIFI: CONNECTING/CAPTIVE_PORTAL_CHECK
05-05 20:21:10.356 D/QcConnectivityService(  946): Actual State: DefaultConnectivityState, Current State: DefaultConnectivityState.processMessage what=5010
05-05 20:21:10.356 D/QcConnectivityService(  946): Captive portal check NetworkInfo: type: WIFI[], state: CONNECTING/CAPTIVE_PORTAL_CHECK, reason: (unspecified), extra: "SE-Mobile", roaming: false, failover: false, isAvailable: true
05-05 20:21:10.356 D/QcConnectivityService(  946): Captive check on WIFI
05-05 20:21:10.356 D/QcConnectivityService(  946): handleInetConditionChange: net=0, condition=0,mActiveDefaultNetwork=0
05-05 20:21:10.366 D/QcConnectivityService(  946): handleInetConditionChange: starting a change hold
05-05 20:21:10.376 D/QcConnectivityService(  946): Actual State: DefaultConnectivityState, Current State: DefaultConnectivityState.processMessage what=1
05-05 20:21:10.376 D/QcConnectivityService(  946): ConnectivityChange for WIFI: CONNECTING/CAPTIVE_PORTAL_CHECK
05-05 20:21:10.376 D/QcConnectivityService(  946): Actual State: DefaultConnectivityState, Current State: DefaultConnectivityState.processMessage what=5010
05-05 20:21:10.376 D/QcConnectivityService(  946): Captive portal check NetworkInfo: type: WIFI[], state: CONNECTING/CAPTIVE_PORTAL_CHECK, reason: (unspecified), extra: "SE-Mobile", roaming: false, failover: false, isAvailable: true
05-05 20:21:10.376 D/QcConnectivityService(  946): Captive check on WIFI
05-05 20:21:10.376 D/QcConnectivityService(  946): handleInetConditionChange: net=0, condition=0,mActiveDefaultNetwork=0
05-05 20:21:10.376 D/QcConnectivityService(  946): handleInetConditionChange: currently in hold - not setting new end evt
05-05 20:21:10.446 W/ContextImpl( 1726): Calling a method in the system process without a qualified user: android.app.ContextImpl.startService:1396 android.content.ContextWrapper.startService:450 android.content.ContextWrapper.startService:450 com.sonyericsson.usbux.service.UsbServiceReceiver.onReceive:58 android.app.ActivityThread.handleReceiver:2429 
05-05 20:21:10.496 D/QcConnectivityService(  946): Actual State: DefaultConnectivityState, Current State: DefaultConnectivityState.processMessage what=1
05-05 20:21:10.496 D/QcConnectivityService(  946): ConnectivityChange for WIFI: CONNECTED/CONNECTED
05-05 20:21:10.496 D/QcConnectivityService(  946): Actual State: DefaultConnectivityState, Current State: DefaultConnectivityState.processMessage what=5001
05-05 20:21:10.496 D/QcConnectivityService(  946): Policy requires mobile teardown
05-05 20:21:10.516 D/QcConnectivityService(  946): Setting TCP values: [524288,1048576,2097152,262144,524288,1048576] which comes from [net.tcp.buffersize.wifi]
05-05 20:21:10.516 D/QcConnectivityService(  946): adding dns 202.106.196.115 for WIFI
05-05 20:21:10.526 D/QcConnectivityService(  946): adding dns 8.8.8.8 for WIFI
05-05 20:21:10.636 D/QcConnectivityService(  946): handleConnectivityChange: changed linkProperty[1]: doReset=false resetMask=0
05-05 20:21:10.636 D/QcConnectivityService(  946):    curLp=null
05-05 20:21:10.636 D/QcConnectivityService(  946):    newLp=InterfaceName: wlan0 Protocol: [null] LinkAddresses: [172.18.0.181/20,] Routes: [0.0.0.0/0 -> 172.18.0.1,] DnsAddresses: [202.106.196.115,8.8.8.8,] HttpProxy: [ProxyProperties.mHost == null] 
05-05 20:21:10.636 D/QcConnectivityService(  946): Adding 172.18.0.1/32 -> 0.0.0.0 for interface wlan0
05-05 20:21:10.636 D/QcConnectivityService(  946): Adding 0.0.0.0/0 -> 172.18.0.1 for interface wlan0
05-05 20:21:10.646 W/ContextImpl( 1726): Calling a method in the system process without a qualified user: android.app.ContextImpl.startService:1396 android.content.ContextWrapper.startService:450 android.content.ContextWrapper.startService:450 com.sonyericsson.usbux.service.UsbServiceReceiver.onReceive:58 android.app.ActivityThread.handleReceiver:2429 
05-05 20:21:10.666 W/ContextImpl( 1726): Calling a method in the system process without a qualified user: android.app.ContextImpl.startService:1396 android.content.ContextWrapper.startService:450 android.content.ContextWrapper.startService:450 com.sonyericsson.usbux.service.UsbServiceReceiver.onReceive:58 android.app.ActivityThread.handleReceiver:2429 
05-05 20:21:10.746 D/QcConnectivityService(  946): Adding 172.18.0.1/32 -> 0.0.0.0 for interface wlan0
05-05 20:21:10.746 D/QcConnectivityService(  946): Adding 202.106.196.115/32 -> 172.18.0.1 for interface wlan0
05-05 20:21:10.746 D/QcConnectivityService(  946): Adding 172.18.0.1/32 -> 0.0.0.0 for interface wlan0
05-05 20:21:10.746 D/QcConnectivityService(  946): Adding 8.8.8.8/32 -> 172.18.0.1 for interface wlan0
05-05 20:21:10.756 D/QcConnectivityService(  946): resetting DNS cache for wlan0
05-05 20:21:10.756 D/QcConnectivityService(  946): sendStickyBroadcast: action=android.net.conn.CONNECTIVITY_CHANGE_IMMEDIATE
05-05 20:21:10.756 D/QcConnectivityService(  946): sendStickyBroadcastDelayed: delayMs=3000, action=android.net.conn.CONNECTIVITY_CHANGE
05-05 20:21:10.756 D/QcConnectivityService(  946): Actual State: DefaultConnectivityState, Current State: DefaultConnectivityState.processMessage what=1
05-05 20:21:10.756 D/QcConnectivityService(  946): ConnectivityChange for WIFI: CONNECTED/CONNECTED
05-05 20:21:10.756 D/QcConnectivityService(  946): Actual State: DefaultConnectivityState, Current State: DefaultConnectivityState.processMessage what=5001
05-05 20:21:10.756 D/QcConnectivityService(  946): Setting TCP values: [524288,1048576,2097152,262144,524288,1048576] which comes from [net.tcp.buffersize.wifi]
05-05 20:21:10.766 D/QcConnectivityService(  946): handleConnectivityChange: changed linkProperty[1]: doReset=false resetMask=0
05-05 20:21:10.766 D/QcConnectivityService(  946):    curLp=InterfaceName: wlan0 Protocol: [null] LinkAddresses: [172.18.0.181/20,] Routes: [0.0.0.0/0 -> 172.18.0.1,] DnsAddresses: [202.106.196.115,8.8.8.8,] HttpProxy: [ProxyProperties.mHost == null] 
05-05 20:21:10.766 D/QcConnectivityService(  946):    newLp=InterfaceName: wlan0 Protocol: [null] LinkAddresses: [172.18.0.181/20,] Routes: [0.0.0.0/0 -> 172.18.0.1,] DnsAddresses: [202.106.196.115,8.8.8.8,] HttpProxy: [ProxyProperties.mHost == null] 
05-05 20:21:10.766 D/QcConnectivityService(  946): handleConnectivityChange: address are the same reset per doReset linkProperty[1]: resetMask=0
05-05 20:21:10.766 D/QcConnectivityService(  946): sendStickyBroadcast: action=android.net.conn.CONNECTIVITY_CHANGE_IMMEDIATE
05-05 20:21:10.766 D/QcConnectivityService(  946): sendStickyBroadcastDelayed: delayMs=3000, action=android.net.conn.CONNECTIVITY_CHANGE
05-05 20:21:10.766 D/QcConnectivityService(  946): Actual State: DefaultConnectivityState, Current State: DefaultConnectivityState.processMessage what=113
05-05 20:21:10.766 D/QcConnectivityService(  946): Actual State: DefaultConnectivityState, Current State: DefaultConnectivityState.processMessage what=113
05-05 20:21:10.766 D/QcConnectivityService(  946): Actual State: DefaultConnectivityState, Current State: DefaultConnectivityState.processMessage what=113
05-05 20:21:10.896 D/QcConnectivityService(  946): Actual State: DefaultConnectivityState, Current State: DefaultConnectivityState.processMessage what=113
05-05 20:21:10.896 D/QcConnectivityService(  946): Actual State: DefaultConnectivityState, Current State: DefaultConnectivityState.processMessage what=113
05-05 20:21:10.896 D/QcConnectivityService(  946): Actual State: DefaultConnectivityState, Current State: DefaultConnectivityState.processMessage what=113
05-05 20:21:11.046 D/QcConnectivityService(  946): Actual State: DefaultConnectivityState, Current State: DefaultConnectivityState.processMessage what=113
05-05 20:21:11.046 D/QcConnectivityService(  946): Actual State: DefaultConnectivityState, Current State: DefaultConnectivityState.processMessage what=113
05-05 20:21:11.046 D/QcConnectivityService(  946): Actual State: DefaultConnectivityState, Current State: DefaultConnectivityState.processMessage what=113
05-05 20:21:11.056 D/QcConnectivityService(  946): Actual State: DefaultConnectivityState, Current State: DefaultConnectivityState.processMessage what=113
05-05 20:21:11.056 D/QcConnectivityService(  946): Actual State: DefaultConnectivityState, Current State: DefaultConnectivityState.processMessage what=113
05-05 20:21:11.056 D/QcConnectivityService(  946): Actual State: DefaultConnectivityState, Current State: DefaultConnectivityState.processMessage what=113
05-05 20:21:12.206 D/QcConnectivityService(  946): Actual State: DefaultConnectivityState, Current State: DefaultConnectivityState.processMessage what=112
05-05 20:21:12.206 D/QcConnectivityService(  946): sendStickyBroadcast: action=android.net.conn.CONNECTIVITY_CHANGE
05-05 20:21:12.826 D/StatusBar.NetworkController( 1136): refreshViews: Data not connected!! If data is not in service, set no data type icon
05-05 20:21:12.836 D/StatusBar.NetworkController( 1136): refreshViews: Data not connected!! If data is not in service, set no data type icon
05-05 20:21:12.836 D/StatusBar.NetworkController( 1136): refreshViews: Data not connected!! If data is not in service, set no data type icon
05-05 20:21:12.836 D/StatusBar.NetworkController( 1136): refreshViews: Data not connected!! If data is not in service, set no data type icon
05-05 20:21:12.846 D/QcConnectivityService(  946): Actual State: DefaultConnectivityState, Current State: DefaultConnectivityState.processMessage what=1
05-05 20:21:12.846 D/QcConnectivityService(  946): ConnectivityChange for mobile: DISCONNECTED/DISCONNECTED
05-05 20:21:12.846 D/QcConnectivityService(  946): Actual State: DefaultConnectivityState, Current State: DefaultConnectivityState.processMessage what=5002
05-05 20:21:12.846 D/QcConnectivityService(  946): Attempting to switch to WIFI
05-05 20:21:12.846 D/QcConnectivityService(  946): Attempting to switch to BLUETOOTH_TETHER
05-05 20:21:12.846 D/QcConnectivityService(  946): handleConnectivityChange: changed linkProperty[0]: doReset=true resetMask=3
05-05 20:21:12.846 D/QcConnectivityService(  946):   curLp=InterfaceName: rmnet0 Protocol: [IPV4V6] LinkAddresses: [10.42.220.57/30,] Routes: [0.0.0.0/0 -> 10.42.220.58,] DnsAddresses: [221.130.33.60,221.130.33.52,] 
05-05 20:21:12.846 D/QcConnectivityService(  946):   newLp= null
05-05 20:21:12.846 D/QcConnectivityService(  946): not removing 10.42.220.58/32 -> 0.0.0.0 as it's still in use
05-05 20:21:12.846 D/QcConnectivityService(  946): Removing 0.0.0.0/0 -> 10.42.220.58 for interface rmnet0
05-05 20:21:12.846 E/QcConnectivityService(  946): Exception trying to remove a route: java.lang.IllegalStateException: command '68 interface route remove rmnet0 default 0.0.0.0 0 10.42.220.58' failed with '400 68 Failed to remove route from default table (No such process)'
05-05 20:21:12.846 D/QcConnectivityService(  946): Removing src route for:10.42.220.57
05-05 20:21:12.876 D/QcConnectivityService(  946): not removing 10.42.220.58/32 -> 0.0.0.0 as it's still in use
05-05 20:21:12.876 D/QcConnectivityService(  946): Removing 221.130.33.60/32 -> 10.42.220.58 for interface rmnet0
05-05 20:21:12.876 E/QcConnectivityService(  946): Exception trying to remove a route: java.lang.IllegalStateException: command '70 interface route remove rmnet0 default 221.130.33.60 32 10.42.220.58' failed with '400 70 Failed to remove route from default table (No such process)'
05-05 20:21:12.876 D/QcConnectivityService(  946): Removing 10.42.220.58/32 -> 0.0.0.0 for interface rmnet0
05-05 20:21:12.876 E/QcConnectivityService(  946): Exception trying to remove a route: java.lang.IllegalStateException: command '71 interface route remove rmnet0 default 10.42.220.58 32 0.0.0.0' failed with '400 71 Failed to remove route from default table (No such process)'
05-05 20:21:12.876 D/QcConnectivityService(  946): Removing 221.130.33.52/32 -> 10.42.220.58 for interface rmnet0
05-05 20:21:12.886 E/QcConnectivityService(  946): Exception trying to remove a route: java.lang.IllegalStateException: command '72 interface route remove rmnet0 default 221.130.33.52 32 10.42.220.58' failed with '400 72 Failed to remove route from default table (No such process)'
05-05 20:21:12.886 D/QcConnectivityService(  946): resetConnections(rmnet0, 3)
05-05 20:21:12.926 D/QcConnectivityService(  946): resetting DNS cache for rmnet0
05-05 20:21:12.936 D/QcConnectivityService(  946): sendStickyBroadcast: action=android.net.conn.CONNECTIVITY_CHANGE_IMMEDIATE
05-05 20:21:12.936 D/QcConnectivityService(  946): sendStickyBroadcastDelayed: delayMs=3000, action=android.net.conn.CONNECTIVITY_CHANGE
05-05 20:21:12.936 D/QcConnectivityService(  946): sendStickyBroadcast: action=android.net.conn.CONNECTIVITY_CHANGE_IMMEDIATE
05-05 20:21:12.936 D/QcConnectivityService(  946): sendStickyBroadcastDelayed: delayMs=3000, action=android.net.conn.CONNECTIVITY_CHANGE
05-05 20:21:12.936 D/QcConnectivityService(  946): Actual State: DefaultConnectivityState, Current State: DefaultConnectivityState.processMessage what=113
05-05 20:21:12.936 D/QcConnectivityService(  946): Actual State: DefaultConnectivityState, Current State: DefaultConnectivityState.processMessage what=113
05-05 20:21:12.936 D/QcConnectivityService(  946): Actual State: DefaultConnectivityState, Current State: DefaultConnectivityState.processMessage what=113
05-05 20:21:12.976 D/QcConnectivityService(  946): Actual State: DefaultConnectivityState, Current State: DefaultConnectivityState.processMessage what=113
05-05 20:21:12.976 D/QcConnectivityService(  946): Actual State: DefaultConnectivityState, Current State: DefaultConnectivityState.processMessage what=113
05-05 20:21:12.976 D/QcConnectivityService(  946): Actual State: DefaultConnectivityState, Current State: DefaultConnectivityState.processMessage what=113
05-05 20:21:12.976 D/QcConnectivityService(  946): Actual State: DefaultConnectivityState, Current State: DefaultConnectivityState.processMessage what=113
05-05 20:21:12.976 D/QcConnectivityService(  946): Actual State: DefaultConnectivityState, Current State: DefaultConnectivityState.processMessage what=113
05-05 20:21:12.976 D/QcConnectivityService(  946): Actual State: DefaultConnectivityState, Current State: DefaultConnectivityState.processMessage what=113
05-05 20:21:12.976 D/QcConnectivityService(  946): Actual State: DefaultConnectivityState, Current State: DefaultConnectivityState.processMessage what=113
05-05 20:21:12.976 D/QcConnectivityService(  946): Actual State: DefaultConnectivityState, Current State: DefaultConnectivityState.processMessage what=113
05-05 20:21:12.976 D/QcConnectivityService(  946): Actual State: DefaultConnectivityState, Current State: DefaultConnectivityState.processMessage what=113
05-05 20:21:13.366 D/QcConnectivityService(  946): Actual State: DefaultConnectivityState, Current State: DefaultConnectivityState.processMessage what=105
05-05 20:21:13.366 D/QcConnectivityService(  946): Actual State: DefaultConnectivityState, Current State: DefaultConnectivityState.processMessage what=5007
05-05 20:21:13.366 D/QcConnectivityService(  946): handleInetConditionHoldEnd: net=0, condition=0, published condition=0
05-05 20:21:13.366 D/QcConnectivityService(  946): handleInetConditionHoldEnd: event hold for obsolete network - ignoring
05-05 20:21:13.756 D/QcConnectivityService(  946): Actual State: DefaultConnectivityState, Current State: DefaultConnectivityState.processMessage what=112
05-05 20:21:13.756 D/QcConnectivityService(  946): sendStickyBroadcast: action=android.net.conn.CONNECTIVITY_CHANGE
05-05 20:21:13.776 D/StatusBar.NetworkController( 1136): refreshViews: Data not connected!! If data is not in service, set no data type icon
05-05 20:21:13.786 D/StatusBar.NetworkController( 1136): refreshViews: Data not connected!! If data is not in service, set no data type icon
05-05 20:21:13.786 D/QcConnectivityService(  946): Actual State: DefaultConnectivityState, Current State: DefaultConnectivityState.processMessage what=112
05-05 20:21:13.786 D/QcConnectivityService(  946): sendStickyBroadcast: action=android.net.conn.CONNECTIVITY_CHANGE
05-05 20:21:13.806 D/StatusBar.NetworkController( 1136): refreshViews: Data not connected!! If data is not in service, set no data type icon
05-05 20:21:13.816 D/StatusBar.NetworkController( 1136): refreshViews: Data not connected!! If data is not in service, set no data type icon
05-05 20:21:15.936 D/QcConnectivityService(  946): Actual State: DefaultConnectivityState, Current State: DefaultConnectivityState.processMessage what=112
05-05 20:21:15.936 D/QcConnectivityService(  946): sendStickyBroadcast: action=android.net.conn.CONNECTIVITY_CHANGE
05-05 20:21:15.966 D/StatusBar.NetworkController( 1136): refreshViews: Data not connected!! If data is not in service, set no data type icon
05-05 20:21:15.976 D/QcConnectivityService(  946): Actual State: DefaultConnectivityState, Current State: DefaultConnectivityState.processMessage what=112
05-05 20:21:15.976 D/QcConnectivityService(  946): sendStickyBroadcast: action=android.net.conn.CONNECTIVITY_CHANGE
05-05 20:21:15.986 D/StatusBar.NetworkController( 1136): refreshViews: Data not connected!! If data is not in service, set no data type icon
05-05 20:21:16.046 D/StatusBar.NetworkController( 1136): refreshViews: Data not connected!! If data is not in service, set no data type icon
05-05 20:21:16.066 D/StatusBar.NetworkController( 1136): refreshViews: Data not connected!! If data is not in service, set no data type icon
05-05 20:22:05.316 D/QcConnectivityService(  946): Actual State: DefaultConnectivityState, Current State: DefaultConnectivityState.processMessage what=108
05-05 20:22:20.346 I/PowerManagerService(  946): Waking up from sleep...
05-05 20:22:20.626 I/WindowManager(  946): Lock screen displayed!
05-05 20:22:20.746 D/StatusBar.NetworkController( 1136): refreshViews: Data not connected!! If data is not in service, set no data type icon
05-05 20:22:20.756 D/StatusBar.NetworkController( 1136): refreshViews: Data not connected!! If data is not in service, set no data type icon
05-05 20:22:20.776 D/StatusBar.NetworkController( 1136): refreshViews: Data not connected!! If data is not in service, set no data type icon
05-05 20:22:20.776 D/StatusBar.NetworkController( 1136): refreshViews: Data not connected!! If data is not in service, set no data type icon
05-05 20:22:20.856 D/StatusBar.NetworkController( 1136): refreshViews: Data not connected!! If data is not in service, set no data type icon
05-05 20:22:20.856 D/StatusBar.NetworkController( 1136): refreshViews: Data not connected!! If data is not in service, set no data type icon
05-05 20:22:20.876 W/ContextImpl( 3483): Calling a method in the system process without a qualified user: android.app.ContextImpl.startService:1396 android.content.ContextWrapper.startService:450 com.sonymobile.phoneusage.service.ScreenReceiver.onReceive:24 android.app.LoadedApk$ReceiverDispatcher$Args.run:758 android.os.Handler.handleCallback:725 
05-05 20:22:21.546 D/StatusBar.NetworkController( 1136): refreshViews: Data not connected!! If data is not in service, set no data type icon
05-05 20:22:21.546 D/StatusBar.NetworkController( 1136): refreshViews: Data not connected!! If data is not in service, set no data type icon
05-05 20:22:21.666 W/ContextImpl(  946): Calling a method in the system process without a qualified user: android.app.ContextImpl.sendBroadcast:1076 android.view.inputmethod.InputMethodManager.sendFocusChangedBroadcast:1234 android.view.inputmethod.InputMethodManager.focusInLocked:1266 android.view.inputmethod.InputMethodManager.focusIn:1253 android.view.View.onFocusChanged:4764 
05-05 20:22:21.676 D/PhoneStatusBar( 1136): disable: < expand icons alerts ticker system_info BACK HOME recent* clock search* >
05-05 20:22:21.706 D/PhoneStatusBar( 1136): disable: < expand icons alerts ticker system_info back* home* recent clock search >
05-05 20:22:21.716 W/ContextImpl( 3483): Calling a method in the system process without a qualified user: android.app.ContextImpl.startService:1396 android.content.ContextWrapper.startService:450 android.content.ContextWrapper.startService:450 com.sonymobile.phoneusage.service.UserPresentReceiver.onReceive:22 android.app.ActivityThread.handleReceiver:2429 
05-05 20:22:21.796 W/InputMethodManagerService(  946): Window already focused, ignoring focus gain of: com.android.internal.view.IInputMethodClient$Stub$Proxy@4323d4a0 attribute=null, token = android.os.BinderProxy@41fd3da0
05-05 20:22:21.956 W/BackupManagerService(  946): dataChanged but no participant pkg='com.android.providers.settings' uid=10221
05-05 20:22:22.176 W/ContextImpl(  946): Calling a method in the system process without a qualified user: android.app.ContextImpl.startService:1396 com.sony.smallapp.internal.util.WindowUtils.showSmallAppWindows:75 com.android.internal.policy.impl.keyguard.KeyguardViewManager$2.run:460 android.os.Handler.handleCallback:725 android.os.Handler.dispatchMessage:92 
05-05 20:22:23.706 I/ActivityManager(  946): START u0 {act=com.v2tech.start_conversation_activity cat=[com.v2tech] cmp=com.v2tech/.view.conversation.ConversationView (has extras)} from pid 3601
05-05 20:22:24.756 D/StatusBar.NetworkController( 1136): refreshViews: Data not connected!! If data is not in service, set no data type icon
05-05 20:22:24.756 D/StatusBar.NetworkController( 1136): refreshViews: Data not connected!! If data is not in service, set no data type icon
05-05 20:22:25.326 D/StatusBar.NetworkController( 1136): refreshViews: Data not connected!! If data is not in service, set no data type icon
05-05 20:22:25.326 D/StatusBar.NetworkController( 1136): refreshViews: Data not connected!! If data is not in service, set no data type icon
05-05 20:22:25.776 D/StatusBar.NetworkController( 1136): refreshViews: Data not connected!! If data is not in service, set no data type icon
05-05 20:22:25.776 D/StatusBar.NetworkController( 1136): refreshViews: Data not connected!! If data is not in service, set no data type icon
05-05 20:22:26.806 D/StatusBar.NetworkController( 1136): refreshViews: Data not connected!! If data is not in service, set no data type icon
05-05 20:22:26.806 D/StatusBar.NetworkController( 1136): refreshViews: Data not connected!! If data is not in service, set no data type icon
05-05 20:22:26.856 D/StatusBar.NetworkController( 1136): refreshViews: Data not connected!! If data is not in service, set no data type icon
05-05 20:22:26.856 D/StatusBar.NetworkController( 1136): refreshViews: Data not connected!! If data is not in service, set no data type icon
05-05 20:22:27.766 D/StatusBar.NetworkController( 1136): refreshViews: Data not connected!! If data is not in service, set no data type icon
05-05 20:22:27.766 D/StatusBar.NetworkController( 1136): refreshViews: Data not connected!! If data is not in service, set no data type icon
05-05 20:22:27.826 D/StatusBar.NetworkController( 1136): refreshViews: Data not connected!! If data is not in service, set no data type icon
05-05 20:22:27.826 D/StatusBar.NetworkController( 1136): refreshViews: Data not connected!! If data is not in service, set no data type icon
05-05 20:22:30.976 D/StatusBar.NetworkController( 1136): refreshViews: Data not connected!! If data is not in service, set no data type icon
05-05 20:22:30.976 D/StatusBar.NetworkController( 1136): refreshViews: Data not connected!! If data is not in service, set no data type icon
05-05 20:22:32.396 D/StatusBar.NetworkController( 1136): refreshViews: Data not connected!! If data is not in service, set no data type icon
05-05 20:22:32.396 D/StatusBar.NetworkController( 1136): refreshViews: Data not connected!! If data is not in service, set no data type icon
05-05 20:22:32.546 W/ThrottleService(  946): unable to find stats for iface rmnet0
05-05 20:22:32.896 D/StatusBar.NetworkController( 1136): refreshViews: Data not connected!! If data is not in service, set no data type icon
05-05 20:22:32.906 D/StatusBar.NetworkController( 1136): refreshViews: Data not connected!! If data is not in service, set no data type icon
05-05 20:22:35.916 D/StatusBar.NetworkController( 1136): refreshViews: Data not connected!! If data is not in service, set no data type icon
05-05 20:22:35.926 D/StatusBar.NetworkController( 1136): refreshViews: Data not connected!! If data is not in service, set no data type icon
05-05 20:22:36.836 D/StatusBar.NetworkController( 1136): refreshViews: Data not connected!! If data is not in service, set no data type icon
05-05 20:22:36.846 D/StatusBar.NetworkController( 1136): refreshViews: Data not connected!! If data is not in service, set no data type icon
05-05 20:22:37.866 D/StatusBar.NetworkController( 1136): refreshViews: Data not connected!! If data is not in service, set no data type icon
05-05 20:22:37.876 D/StatusBar.NetworkController( 1136): refreshViews: Data not connected!! If data is not in service, set no data type icon
05-05 20:22:46.906 D/StatusBar.NetworkController( 1136): refreshViews: Data not connected!! If data is not in service, set no data type icon
05-05 20:22:46.906 D/StatusBar.NetworkController( 1136): refreshViews: Data not connected!! If data is not in service, set no data type icon
05-05 20:22:47.906 D/StatusBar.NetworkController( 1136): refreshViews: Data not connected!! If data is not in service, set no data type icon
05-05 20:22:47.906 D/StatusBar.NetworkController( 1136): refreshViews: Data not connected!! If data is not in service, set no data type icon
05-05 20:22:48.916 D/StatusBar.NetworkController( 1136): refreshViews: Data not connected!! If data is not in service, set no data type icon
05-05 20:22:48.916 D/StatusBar.NetworkController( 1136): refreshViews: Data not connected!! If data is not in service, set no data type icon
05-05 20:22:50.286 D/StatusBar.NetworkController( 1136): refreshViews: Data not connected!! If data is not in service, set no data type icon
05-05 20:22:50.286 D/StatusBar.NetworkController( 1136): refreshViews: Data not connected!! If data is not in service, set no data type icon
05-05 20:22:50.946 D/StatusBar.NetworkController( 1136): refreshViews: Data not connected!! If data is not in service, set no data type icon
05-05 20:22:50.946 D/StatusBar.NetworkController( 1136): refreshViews: Data not connected!! If data is not in service, set no data type icon
05-05 20:22:53.296 D/StatusBar.NetworkController( 1136): refreshViews: Data not connected!! If data is not in service, set no data type icon
05-05 20:22:53.296 D/StatusBar.NetworkController( 1136): refreshViews: Data not connected!! If data is not in service, set no data type icon
05-05 20:22:53.986 D/StatusBar.NetworkController( 1136): refreshViews: Data not connected!! If data is not in service, set no data type icon
05-05 20:22:53.996 D/StatusBar.NetworkController( 1136): refreshViews: Data not connected!! If data is not in service, set no data type icon
05-05 20:22:55.036 D/StatusBar.NetworkController( 1136): refreshViews: Data not connected!! If data is not in service, set no data type icon
05-05 20:22:55.036 D/StatusBar.NetworkController( 1136): refreshViews: Data not connected!! If data is not in service, set no data type icon
05-05 20:22:56.396 D/StatusBar.NetworkController( 1136): refreshViews: Data not connected!! If data is not in service, set no data type icon
05-05 20:22:56.406 D/StatusBar.NetworkController( 1136): refreshViews: Data not connected!! If data is not in service, set no data type icon
05-05 20:22:57.066 D/StatusBar.NetworkController( 1136): refreshViews: Data not connected!! If data is not in service, set no data type icon
05-05 20:22:57.066 D/StatusBar.NetworkController( 1136): refreshViews: Data not connected!! If data is not in service, set no data type icon
05-05 20:22:59.096 D/StatusBar.NetworkController( 1136): refreshViews: Data not connected!! If data is not in service, set no data type icon
05-05 20:22:59.096 D/StatusBar.NetworkController( 1136): refreshViews: Data not connected!! If data is not in service, set no data type icon
05-05 20:22:59.706 D/StatusBar.NetworkController( 1136): refreshViews: Data not connected!! If data is not in service, set no data type icon
05-05 20:22:59.706 D/StatusBar.NetworkController( 1136): refreshViews: Data not connected!! If data is not in service, set no data type icon
05-05 20:23:07.126 D/StatusBar.NetworkController( 1136): refreshViews: Data not connected!! If data is not in service, set no data type icon
05-05 20:23:07.136 D/StatusBar.NetworkController( 1136): refreshViews: Data not connected!! If data is not in service, set no data type icon
05-05 20:23:08.146 D/StatusBar.NetworkController( 1136): refreshViews: Data not connected!! If data is not in service, set no data type icon
05-05 20:23:08.146 D/StatusBar.NetworkController( 1136): refreshViews: Data not connected!! If data is not in service, set no data type icon
05-05 20:23:09.556 D/StatusBar.NetworkController( 1136): refreshViews: Data not connected!! If data is not in service, set no data type icon
05-05 20:23:09.566 D/StatusBar.NetworkController( 1136): refreshViews: Data not connected!! If data is not in service, set no data type icon
05-05 20:23:12.756 D/StatusBar.NetworkController( 1136): refreshViews: Data not connected!! If data is not in service, set no data type icon
05-05 20:23:12.756 D/StatusBar.NetworkController( 1136): refreshViews: Data not connected!! If data is not in service, set no data type icon
05-05 20:23:17.186 D/StatusBar.NetworkController( 1136): refreshViews: Data not connected!! If data is not in service, set no data type icon
05-05 20:23:17.186 D/StatusBar.NetworkController( 1136): refreshViews: Data not connected!! If data is not in service, set no data type icon
05-05 20:23:18.206 D/StatusBar.NetworkController( 1136): refreshViews: Data not connected!! If data is not in service, set no data type icon
05-05 20:23:18.216 D/StatusBar.NetworkController( 1136): refreshViews: Data not connected!! If data is not in service, set no data type icon
05-05 20:23:19.006 D/StatusBar.NetworkController( 1136): refreshViews: Data not connected!! If data is not in service, set no data type icon
05-05 20:23:19.016 D/StatusBar.NetworkController( 1136): refreshViews: Data not connected!! If data is not in service, set no data type icon
05-05 20:23:22.236 D/StatusBar.NetworkController( 1136): refreshViews: Data not connected!! If data is not in service, set no data type icon
05-05 20:23:22.236 D/StatusBar.NetworkController( 1136): refreshViews: Data not connected!! If data is not in service, set no data type icon
05-05 20:23:22.316 D/StatusBar.NetworkController( 1136): refreshViews: Data not connected!! If data is not in service, set no data type icon
05-05 20:23:22.316 D/StatusBar.NetworkController( 1136): refreshViews: Data not connected!! If data is not in service, set no data type icon
05-05 20:23:23.266 D/StatusBar.NetworkController( 1136): refreshViews: Data not connected!! If data is not in service, set no data type icon
05-05 20:23:23.266 D/StatusBar.NetworkController( 1136): refreshViews: Data not connected!! If data is not in service, set no data type icon
05-05 20:23:27.236 D/StatusBar.NetworkController( 1136): refreshViews: Data not connected!! If data is not in service, set no data type icon
05-05 20:23:27.236 D/StatusBar.NetworkController( 1136): refreshViews: Data not connected!! If data is not in service, set no data type icon
05-05 20:23:27.296 D/StatusBar.NetworkController( 1136): refreshViews: Data not connected!! If data is not in service, set no data type icon
05-05 20:23:27.296 D/StatusBar.NetworkController( 1136): refreshViews: Data not connected!! If data is not in service, set no data type icon
05-05 20:23:28.286 D/StatusBar.NetworkController( 1136): refreshViews: Data not connected!! If data is not in service, set no data type icon
05-05 20:23:28.346 D/StatusBar.NetworkController( 1136): refreshViews: Data not connected!! If data is not in service, set no data type icon
05-05 20:23:28.756 D/StatusBar.NetworkController( 1136): refreshViews: Data not connected!! If data is not in service, set no data type icon
05-05 20:23:28.766 D/StatusBar.NetworkController( 1136): refreshViews: Data not connected!! If data is not in service, set no data type icon
05-05 20:23:29.316 D/StatusBar.NetworkController( 1136): refreshViews: Data not connected!! If data is not in service, set no data type icon
05-05 20:23:29.316 D/StatusBar.NetworkController( 1136): refreshViews: Data not connected!! If data is not in service, set no data type icon
05-05 20:23:30.266 D/StatusBar.NetworkController( 1136): refreshViews: Data not connected!! If data is not in service, set no data type icon
05-05 20:23:30.266 D/StatusBar.NetworkController( 1136): refreshViews: Data not connected!! If data is not in service, set no data type icon
05-05 20:23:30.346 D/StatusBar.NetworkController( 1136): refreshViews: Data not connected!! If data is not in service, set no data type icon
05-05 20:23:30.346 D/StatusBar.NetworkController( 1136): refreshViews: Data not connected!! If data is not in service, set no data type icon
05-05 20:23:31.966 D/StatusBar.NetworkController( 1136): refreshViews: Data not connected!! If data is not in service, set no data type icon
05-05 20:23:31.966 D/StatusBar.NetworkController( 1136): refreshViews: Data not connected!! If data is not in service, set no data type icon
05-05 20:23:33.296 D/StatusBar.NetworkController( 1136): refreshViews: Data not connected!! If data is not in service, set no data type icon
05-05 20:23:33.296 D/StatusBar.NetworkController( 1136): refreshViews: Data not connected!! If data is not in service, set no data type icon
05-05 20:23:35.006 D/StatusBar.NetworkController( 1136): refreshViews: Data not connected!! If data is not in service, set no data type icon
05-05 20:23:35.006 D/StatusBar.NetworkController( 1136): refreshViews: Data not connected!! If data is not in service, set no data type icon
05-05 20:23:36.316 D/StatusBar.NetworkController( 1136): refreshViews: Data not connected!! If data is not in service, set no data type icon
05-05 20:23:36.316 D/StatusBar.NetworkController( 1136): refreshViews: Data not connected!! If data is not in service, set no data type icon
05-05 20:23:37.356 D/StatusBar.NetworkController( 1136): refreshViews: Data not connected!! If data is not in service, set no data type icon
05-05 20:23:37.356 D/StatusBar.NetworkController( 1136): refreshViews: Data not connected!! If data is not in service, set no data type icon
05-05 20:23:38.376 D/StatusBar.NetworkController( 1136): refreshViews: Data not connected!! If data is not in service, set no data type icon
05-05 20:23:38.376 D/StatusBar.NetworkController( 1136): refreshViews: Data not connected!! If data is not in service, set no data type icon
05-05 20:23:43.336 I/PowerManagerService(  946): Going to sleep due to screen timeout...
05-05 20:23:43.736 W/ContextImpl( 3483): Calling a method in the system process without a qualified user: android.app.ContextImpl.startService:1396 android.content.ContextWrapper.startService:450 com.sonymobile.phoneusage.service.ScreenReceiver.onReceive:24 android.app.LoadedApk$ReceiverDispatcher$Args.run:758 android.os.Handler.handleCallback:725 
